Running NociCIM train-shield QPSL: tag=nocicim_qpsl_trainshield_route_preserve_1m_20260702 seed=4 steps=1000000 profile=route_preserve
Successfully registered the following environments: ['MetaDrive-validation-v0', 'MetaDrive-10env-v0', 'MetaDrive-100envs-v0', 'MetaDrive-1000envs-v0', 'SafeMetaDrive-validation-v0', 'SafeMetaDrive-10env-v0', 'SafeMetaDrive-100envs-v0', 'SafeMetaDrive-1000envs-v0', 'MARLTollgate-v0', 'MARLBottleneck-v0', 'MARLRoundabout-v0', 'MARLIntersection-v0', 'MARLParkingLot-v0', 'MARLMetaDrive-v0'].
arrive destination: False ,out of road:False   Total T: 1000 Episode Num: 1 Episode T: 1000 Reward: 11.216 Cost: 0.000 ShieldInt: 6 ShieldDist: 1.124
arrive destination: False ,out of road:False   Total T: 2000 Episode Num: 2 Episode T: 1000 Reward: 15.038 Cost: 0.000 ShieldInt: 9 ShieldDist: 1.836
arrive destination: False ,out of road:False   Total T: 3000 Episode Num: 3 Episode T: 1000 Reward: 10.049 Cost: 0.000 ShieldInt: 14 ShieldDist: 2.886
arrive destination: False ,out of road:False   Total T: 4000 Episode Num: 4 Episode T: 1000 Reward: 12.352 Cost: 0.000 ShieldInt: 8 ShieldDist: 1.471
arrive destination: False ,out of road:True   Total T: 4445 Episode Num: 5 Episode T: 445 Reward: 0.226 Cost: 1.000 ShieldInt: 8 ShieldDist: 1.526
arrive destination: False ,out of road:False   Total T: 5445 Episode Num: 6 Episode T: 1000 Reward: 11.005 Cost: 0.000 ShieldInt: 9 ShieldDist: 1.777
arrive destination: False ,out of road:False   Total T: 6445 Episode Num: 7 Episode T: 1000 Reward: 11.427 Cost: 0.000 ShieldInt: 4 ShieldDist: 0.787
arrive destination: False ,out of road:False   Total T: 7445 Episode Num: 8 Episode T: 1000 Reward: 10.159 Cost: 0.000 ShieldInt: 9 ShieldDist: 1.849
arrive destination: False ,out of road:False   Total T: 8445 Episode Num: 9 Episode T: 1000 Reward: 10.268 Cost: 0.000 ShieldInt: 10 ShieldDist: 2.095
arrive destination: False ,out of road:False   Total T: 9445 Episode Num: 10 Episode T: 1000 Reward: 11.679 Cost: 0.000 ShieldInt: 8 ShieldDist: 1.545
---------------------------------------
Evaluation over 20 episodes: 0.000 Cost 1.000.             SafeRL used : use_qpsl
---------------------------------------
[34;1m
Time: 2026-07-02 07:08:25, Time spent from previous logger: 57.605 s[0m
[34;1mCustomLogger with fileds: ['total_steps', 'EpRet', 'EpCost', 'CostRate'][0m
[34;1mfieldvalues: [10000, 0.0, 1.0, 0.00010001000100010001]
[0m
arrive destination: False ,out of road:True   Total T: 10039 Episode Num: 11 Episode T: 594 Reward: 8.778 Cost: 1.000 ShieldInt: 1 ShieldDist: 0.250
arrive destination: False ,out of road:True   Total T: 10068 Episode Num: 12 Episode T: 29 Reward: -2.660 Cost: 1.000 ShieldInt: 13 ShieldDist: 2.931
arrive destination: False ,out of road:True   Total T: 10098 Episode Num: 13 Episode T: 30 Reward: 0.163 Cost: 1.000 ShieldInt: 0 ShieldDist: 0.000
arrive destination: False ,out of road:True   Total T: 10125 Episode Num: 14 Episode T: 27 Reward: -2.076 Cost: 1.000 ShieldInt: 0 ShieldDist: 0.000
arrive destination: False ,out of road:True   Total T: 10152 Episode Num: 15 Episode T: 27 Reward: -3.106 Cost: 1.000 ShieldInt: 9 ShieldDist: 2.089
arrive destination: False ,out of road:True   Total T: 10168 Episode Num: 16 Episode T: 16 Reward: -5.414 Cost: 1.000 ShieldInt: 14 ShieldDist: 3.210
arrive destination: False ,out of road:True   Total T: 10202 Episode Num: 17 Episode T: 34 Reward: -3.456 Cost: 1.000 ShieldInt: 26 ShieldDist: 6.093
arrive destination: False ,out of road:True   Total T: 10230 Episode Num: 18 Episode T: 28 Reward: -3.613 Cost: 1.000 ShieldInt: 25 ShieldDist: 6.094
arrive destination: False ,out of road:True   Total T: 10265 Episode Num: 19 Episode T: 35 Reward: -3.454 Cost: 1.000 ShieldInt: 31 ShieldDist: 7.102
arrive destination: False ,out of road:True   Total T: 10281 Episode Num: 20 Episode T: 16 Reward: -5.395 Cost: 1.000 ShieldInt: 13 ShieldDist: 3.061
arrive destination: False ,out of road:True   Total T: 10309 Episode Num: 21 Episode T: 28 Reward: -3.098 Cost: 1.000 ShieldInt: 15 ShieldDist: 3.548
arrive destination: False ,out of road:True   Total T: 10340 Episode Num: 22 Episode T: 31 Reward: -0.436 Cost: 1.000 ShieldInt: 0 ShieldDist: 0.000
arrive destination: False ,out of road:True   Total T: 10368 Episode Num: 23 Episode T: 28 Reward: -2.884 Cost: 1.000 ShieldInt: 6 ShieldDist: 1.401
arrive destination: False ,out of road:True   Total T: 10396 Episode Num: 24 Episode T: 28 Reward: -1.257 Cost: 1.000 ShieldInt: 1 ShieldDist: 0.250
arrive destination: False ,out of road:True   Total T: 10443 Episode Num: 25 Episode T: 47 Reward: 5.375 Cost: 1.000 ShieldInt: 0 ShieldDist: 0.000
arrive destination: False ,out of road:True   Total T: 10481 Episode Num: 26 Episode T: 38 Reward: -3.074 Cost: 1.000 ShieldInt: 0 ShieldDist: 0.000
arrive destination: False ,out of road:True   Total T: 10526 Episode Num: 27 Episode T: 45 Reward: 3.142 Cost: 1.000 ShieldInt: 0 ShieldDist: 0.000
arrive destination: False ,out of road:True   Total T: 10569 Episode Num: 28 Episode T: 43 Reward: 3.994 Cost: 1.000 ShieldInt: 0 ShieldDist: 0.000
arrive destination: False ,out of road:True   Total T: 10607 Episode Num: 29 Episode T: 38 Reward: 4.195 Cost: 1.000 ShieldInt: 0 ShieldDist: 0.000
arrive destination: False ,out of road:True   Total T: 10657 Episode Num: 30 Episode T: 50 Reward: 10.437 Cost: 1.000 ShieldInt: 0 ShieldDist: 0.000
arrive destination: False ,out of road:True   Total T: 10679 Episode Num: 31 Episode T: 22 Reward: -3.966 Cost: 1.000 ShieldInt: 0 ShieldDist: 0.000
arrive destination: False ,out of road:True   Total T: 10734 Episode Num: 32 Episode T: 55 Reward: 13.434 Cost: 1.000 ShieldInt: 0 ShieldDist: 0.000
arrive destination: False ,out of road:True   Total T: 10771 Episode Num: 33 Episode T: 37 Reward: 2.489 Cost: 1.000 ShieldInt: 0 ShieldDist: 0.000
arrive destination: False ,out of road:True   Total T: 10815 Episode Num: 34 Episode T: 44 Reward: 9.588 Cost: 1.000 ShieldInt: 0 ShieldDist: 0.000
arrive destination: False ,out of road:True   Total T: 10889 Episode Num: 35 Episode T: 74 Reward: 48.964 Cost: 1.000 ShieldInt: 0 ShieldDist: 0.000
arrive destination: False ,out of road:True   Total T: 10938 Episode Num: 36 Episode T: 49 Reward: 14.876 Cost: 1.000 ShieldInt: 0 ShieldDist: 0.000
arrive destination: False ,out of road:True   Total T: 10980 Episode Num: 37 Episode T: 42 Reward: 8.446 Cost: 1.000 ShieldInt: 0 ShieldDist: 0.000
arrive destination: False ,out of road:True   Total T: 11020 Episode Num: 38 Episode T: 40 Reward: 8.227 Cost: 1.000 ShieldInt: 0 ShieldDist: 0.000
arrive destination: False ,out of road:True   Total T: 11056 Episode Num: 39 Episode T: 36 Reward: 5.206 Cost: 1.000 ShieldInt: 0 ShieldDist: 0.000
arrive destination: False ,out of road:True   Total T: 11094 Episode Num: 40 Episode T: 38 Reward: 5.914 Cost: 1.000 ShieldInt: 0 ShieldDist: 0.000
arrive destination: False ,out of road:True   Total T: 11146 Episode Num: 41 Episode T: 52 Reward: 19.156 Cost: 1.000 ShieldInt: 0 ShieldDist: 0.000
arrive destination: False ,out of road:True   Total T: 11207 Episode Num: 42 Episode T: 61 Reward: 29.218 Cost: 1.000 ShieldInt: 0 ShieldDist: 0.000
arrive destination: False ,out of road:True   Total T: 11249 Episode Num: 43 Episode T: 42 Reward: 8.608 Cost: 1.000 ShieldInt: 0 ShieldDist: 0.000
arrive destination: False ,out of road:True   Total T: 11294 Episode Num: 44 Episode T: 45 Reward: 10.671 Cost: 1.000 ShieldInt: 0 ShieldDist: 0.000
arrive destination: False ,out of road:True   Total T: 11320 Episode Num: 45 Episode T: 26 Reward: -1.286 Cost: 1.000 ShieldInt: 0 ShieldDist: 0.000
arrive destination: False ,out of road:True   Total T: 11359 Episode Num: 46 Episode T: 39 Reward: 8.216 Cost: 1.000 ShieldInt: 0 ShieldDist: 0.000
arrive destination: False ,out of road:True   Total T: 11394 Episode Num: 47 Episode T: 35 Reward: 3.299 Cost: 1.000 ShieldInt: 0 ShieldDist: 0.000
arrive destination: False ,out of road:True   Total T: 11438 Episode Num: 48 Episode T: 44 Reward: 11.074 Cost: 1.000 ShieldInt: 0 ShieldDist: 0.000
arrive destination: False ,out of road:True   Total T: 11492 Episode Num: 49 Episode T: 54 Reward: 20.867 Cost: 1.000 ShieldInt: 0 ShieldDist: 0.000
arrive destination: False ,out of road:True   Total T: 11552 Episode Num: 50 Episode T: 60 Reward: 28.599 Cost: 1.000 ShieldInt: 0 ShieldDist: 0.000
arrive destination: False ,out of road:True   Total T: 11572 Episode Num: 51 Episode T: 20 Reward: -3.931 Cost: 1.000 ShieldInt: 0 ShieldDist: 0.000
arrive destination: False ,out of road:True   Total T: 11595 Episode Num: 52 Episode T: 23 Reward: -2.873 Cost: 1.000 ShieldInt: 0 ShieldDist: 0.000
arrive destination: False ,out of road:True   Total T: 11624 Episode Num: 53 Episode T: 29 Reward: 0.669 Cost: 1.000 ShieldInt: 0 ShieldDist: 0.000
arrive destination: False ,out of road:True   Total T: 11668 Episode Num: 54 Episode T: 44 Reward: 9.499 Cost: 1.000 ShieldInt: 0 ShieldDist: 0.000
arrive destination: False ,out of road:True   Total T: 11715 Episode Num: 55 Episode T: 47 Reward: 13.013 Cost: 1.000 ShieldInt: 0 ShieldDist: 0.000
arrive destination: False ,out of road:True   Total T: 11752 Episode Num: 56 Episode T: 37 Reward: 6.817 Cost: 1.000 ShieldInt: 0 ShieldDist: 0.000
arrive destination: False ,out of road:True   Total T: 11785 Episode Num: 57 Episode T: 33 Reward: 1.723 Cost: 1.000 ShieldInt: 0 ShieldDist: 0.000
arrive destination: False ,out of road:True   Total T: 11838 Episode Num: 58 Episode T: 53 Reward: 16.744 Cost: 1.000 ShieldInt: 0 ShieldDist: 0.000
arrive destination: False ,out of road:True   Total T: 11900 Episode Num: 59 Episode T: 62 Reward: 31.276 Cost: 1.000 ShieldInt: 1 ShieldDist: 0.250
arrive destination: False ,out of road:True   Total T: 11941 Episode Num: 60 Episode T: 41 Reward: 7.409 Cost: 1.000 ShieldInt: 0 ShieldDist: 0.000
arrive destination: False ,out of road:True   Total T: 12128 Episode Num: 61 Episode T: 187 Reward: 161.928 Cost: 20.000 ShieldInt: 18 ShieldDist: 4.257
arrive destination: False ,out of road:True   Total T: 12242 Episode Num: 62 Episode T: 114 Reward: 89.834 Cost: 1.000 ShieldInt: 21 ShieldDist: 4.936
arrive destination: False ,out of road:True   Total T: 12427 Episode Num: 63 Episode T: 185 Reward: 168.103 Cost: 12.000 ShieldInt: 12 ShieldDist: 5.838
arrive destination: False ,out of road:True   Total T: 12800 Episode Num: 64 Episode T: 373 Reward: 135.873 Cost: 14.000 ShieldInt: 182 ShieldDist: 328.001
arrive destination: False ,out of road:True   Total T: 12911 Episode Num: 65 Episode T: 111 Reward: 78.810 Cost: 1.000 ShieldInt: 9 ShieldDist: 2.065
arrive destination: False ,out of road:True   Total T: 13145 Episode Num: 66 Episode T: 234 Reward: 187.244 Cost: 8.000 ShieldInt: 29 ShieldDist: 7.010
arrive destination: False ,out of road:True   Total T: 13250 Episode Num: 67 Episode T: 105 Reward: 56.617 Cost: 1.000 ShieldInt: 20 ShieldDist: 4.378
arrive destination: False ,out of road:True   Total T: 13538 Episode Num: 68 Episode T: 288 Reward: 181.309 Cost: 9.000 ShieldInt: 80 ShieldDist: 18.350
arrive destination: False ,out of road:True   Total T: 13631 Episode Num: 69 Episode T: 93 Reward: 64.210 Cost: 1.000 ShieldInt: 22 ShieldDist: 5.155
arrive destination: False ,out of road:True   Total T: 13770 Episode Num: 70 Episode T: 139 Reward: 128.930 Cost: 1.000 ShieldInt: 24 ShieldDist: 5.495
arrive destination: False ,out of road:True   Total T: 14019 Episode Num: 71 Episode T: 249 Reward: 182.240 Cost: 2.000 ShieldInt: 74 ShieldDist: 18.757
arrive destination: False ,out of road:True   Total T: 14283 Episode Num: 72 Episode T: 264 Reward: 209.568 Cost: 3.000 ShieldInt: 85 ShieldDist: 21.239
arrive destination: False ,out of road:True   Total T: 14490 Episode Num: 73 Episode T: 207 Reward: 186.849 Cost: 12.000 ShieldInt: 37 ShieldDist: 10.375
arrive destination: True ,out of road:False   Total T: 14795 Episode Num: 74 Episode T: 305 Reward: 268.816 Cost: 7.000 ShieldInt: 53 ShieldDist: 12.181
arrive destination: False ,out of road:True   Total T: 14965 Episode Num: 75 Episode T: 170 Reward: 121.435 Cost: 3.000 ShieldInt: 23 ShieldDist: 8.903
arrive destination: True ,out of road:False   Total T: 15222 Episode Num: 76 Episode T: 257 Reward: 269.380 Cost: 3.000 ShieldInt: 35 ShieldDist: 8.320
arrive destination: False ,out of road:True   Total T: 15309 Episode Num: 77 Episode T: 87 Reward: 48.406 Cost: 1.000 ShieldInt: 19 ShieldDist: 4.407
arrive destination: False ,out of road:True   Total T: 16282 Episode Num: 78 Episode T: 973 Reward: 78.343 Cost: 39.000 ShieldInt: 878 ShieldDist: 1694.048
arrive destination: False ,out of road:True   Total T: 16423 Episode Num: 79 Episode T: 141 Reward: 137.689 Cost: 1.000 ShieldInt: 16 ShieldDist: 3.945
arrive destination: False ,out of road:True   Total T: 16557 Episode Num: 80 Episode T: 134 Reward: 130.955 Cost: 1.000 ShieldInt: 18 ShieldDist: 4.158
arrive destination: False ,out of road:True   Total T: 16777 Episode Num: 81 Episode T: 220 Reward: 194.882 Cost: 5.000 ShieldInt: 33 ShieldDist: 21.506
arrive destination: False ,out of road:True   Total T: 16959 Episode Num: 82 Episode T: 182 Reward: 127.774 Cost: 18.000 ShieldInt: 32 ShieldDist: 33.755
arrive destination: False ,out of road:True   Total T: 17309 Episode Num: 83 Episode T: 350 Reward: 311.059 Cost: 25.000 ShieldInt: 62 ShieldDist: 61.025
arrive destination: False ,out of road:True   Total T: 17467 Episode Num: 84 Episode T: 158 Reward: 141.434 Cost: 9.000 ShieldInt: 15 ShieldDist: 3.565
arrive destination: True ,out of road:False   Total T: 17652 Episode Num: 85 Episode T: 185 Reward: 268.945 Cost: 0.000 ShieldInt: 20 ShieldDist: 4.802
arrive destination: True ,out of road:False   Total T: 17890 Episode Num: 86 Episode T: 238 Reward: 232.984 Cost: 15.000 ShieldInt: 20 ShieldDist: 16.440
arrive destination: False ,out of road:True   Total T: 18036 Episode Num: 87 Episode T: 146 Reward: 164.617 Cost: 6.000 ShieldInt: 14 ShieldDist: 3.257
arrive destination: False ,out of road:True   Total T: 18168 Episode Num: 88 Episode T: 132 Reward: 137.607 Cost: 1.000 ShieldInt: 11 ShieldDist: 2.416
arrive destination: False ,out of road:True   Total T: 18573 Episode Num: 89 Episode T: 405 Reward: 250.781 Cost: 54.000 ShieldInt: 130 ShieldDist: 154.656
arrive destination: False ,out of road:True   Total T: 18707 Episode Num: 90 Episode T: 134 Reward: 130.606 Cost: 1.000 ShieldInt: 16 ShieldDist: 3.682
arrive destination: False ,out of road:True   Total T: 18802 Episode Num: 91 Episode T: 95 Reward: 74.113 Cost: 1.000 ShieldInt: 19 ShieldDist: 4.537
arrive destination: False ,out of road:True   Total T: 19031 Episode Num: 92 Episode T: 229 Reward: 189.242 Cost: 10.000 ShieldInt: 37 ShieldDist: 27.740
arrive destination: False ,out of road:True   Total T: 19273 Episode Num: 93 Episode T: 242 Reward: 193.745 Cost: 10.000 ShieldInt: 33 ShieldDist: 12.883
arrive destination: False ,out of road:True   Total T: 19533 Episode Num: 94 Episode T: 260 Reward: 213.109 Cost: 6.000 ShieldInt: 48 ShieldDist: 17.838
arrive destination: False ,out of road:True   Total T: 19637 Episode Num: 95 Episode T: 104 Reward: 94.606 Cost: 5.000 ShieldInt: 9 ShieldDist: 2.160
---------------------------------------
Evaluation over 20 episodes: 0.200 Cost 13.500.             SafeRL used : use_qpsl
---------------------------------------
[34;1m
Time: 2026-07-02 07:11:06, Time spent from previous logger: 160.851 s[0m
[34;1mCustomLogger with fileds: ['total_steps', 'EpRet', 'EpCost', 'CostRate'][0m
[34;1mfieldvalues: [20000, 0.2, 13.5, 0.01855092754637732]
[0m
arrive destination: False ,out of road:True   Total T: 20198 Episode Num: 96 Episode T: 561 Reward: 509.627 Cost: 18.000 ShieldInt: 49 ShieldDist: 18.071
arrive destination: True ,out of road:False   Total T: 20636 Episode Num: 97 Episode T: 438 Reward: 381.370 Cost: 26.000 ShieldInt: 57 ShieldDist: 41.149
arrive destination: True ,out of road:False   Total T: 20805 Episode Num: 98 Episode T: 169 Reward: 268.870 Cost: 0.000 ShieldInt: 10 ShieldDist: 2.447
arrive destination: True ,out of road:False   Total T: 21307 Episode Num: 99 Episode T: 502 Reward: 470.321 Cost: 41.000 ShieldInt: 71 ShieldDist: 33.741
arrive destination: False ,out of road:True   Total T: 21438 Episode Num: 100 Episode T: 131 Reward: 163.498 Cost: 4.000 ShieldInt: 21 ShieldDist: 4.865
arrive destination: True ,out of road:False   Total T: 21869 Episode Num: 101 Episode T: 431 Reward: 382.128 Cost: 38.000 ShieldInt: 77 ShieldDist: 38.237
arrive destination: True ,out of road:False   Total T: 22290 Episode Num: 102 Episode T: 421 Reward: 383.393 Cost: 34.000 ShieldInt: 57 ShieldDist: 14.685
arrive destination: False ,out of road:True   Total T: 22382 Episode Num: 103 Episode T: 92 Reward: 71.612 Cost: 1.000 ShieldInt: 15 ShieldDist: 3.483
arrive destination: False ,out of road:True   Total T: 22503 Episode Num: 104 Episode T: 121 Reward: 134.350 Cost: 2.000 ShieldInt: 18 ShieldDist: 4.139
arrive destination: False ,out of road:True   Total T: 22717 Episode Num: 105 Episode T: 214 Reward: 193.546 Cost: 6.000 ShieldInt: 33 ShieldDist: 7.691
arrive destination: False ,out of road:True   Total T: 22841 Episode Num: 106 Episode T: 124 Reward: 132.602 Cost: 1.000 ShieldInt: 13 ShieldDist: 3.049
arrive destination: True ,out of road:False   Total T: 23131 Episode Num: 107 Episode T: 290 Reward: 296.195 Cost: 32.000 ShieldInt: 27 ShieldDist: 12.689
arrive destination: False ,out of road:True   Total T: 23268 Episode Num: 108 Episode T: 137 Reward: 163.464 Cost: 7.000 ShieldInt: 9 ShieldDist: 2.089
arrive destination: False ,out of road:True   Total T: 23380 Episode Num: 109 Episode T: 112 Reward: 111.474 Cost: 5.000 ShieldInt: 12 ShieldDist: 4.589
arrive destination: False ,out of road:True   Total T: 23462 Episode Num: 110 Episode T: 82 Reward: 56.145 Cost: 1.000 ShieldInt: 19 ShieldDist: 4.206
arrive destination: False ,out of road:True   Total T: 23583 Episode Num: 111 Episode T: 121 Reward: 129.349 Cost: 1.000 ShieldInt: 11 ShieldDist: 2.554
arrive destination: True ,out of road:False   Total T: 24015 Episode Num: 112 Episode T: 432 Reward: 394.742 Cost: 22.000 ShieldInt: 95 ShieldDist: 44.490
arrive destination: True ,out of road:False   Total T: 24384 Episode Num: 113 Episode T: 369 Reward: 368.056 Cost: 17.000 ShieldInt: 68 ShieldDist: 15.968
arrive destination: True ,out of road:False   Total T: 24937 Episode Num: 114 Episode T: 553 Reward: 407.092 Cost: 55.000 ShieldInt: 99 ShieldDist: 38.139
arrive destination: True ,out of road:False   Total T: 25383 Episode Num: 115 Episode T: 446 Reward: 392.639 Cost: 12.000 ShieldInt: 109 ShieldDist: 34.028
arrive destination: False ,out of road:True   Total T: 25669 Episode Num: 116 Episode T: 286 Reward: 279.040 Cost: 8.000 ShieldInt: 64 ShieldDist: 15.071
arrive destination: False ,out of road:True   Total T: 25873 Episode Num: 117 Episode T: 204 Reward: 214.493 Cost: 9.000 ShieldInt: 34 ShieldDist: 16.483
arrive destination: True ,out of road:False   Total T: 26123 Episode Num: 118 Episode T: 250 Reward: 234.415 Cost: 11.000 ShieldInt: 35 ShieldDist: 8.032
arrive destination: True ,out of road:False   Total T: 26296 Episode Num: 119 Episode T: 173 Reward: 269.765 Cost: 0.000 ShieldInt: 16 ShieldDist: 3.770
arrive destination: True ,out of road:False   Total T: 26743 Episode Num: 120 Episode T: 447 Reward: 378.065 Cost: 14.000 ShieldInt: 96 ShieldDist: 44.955
arrive destination: False ,out of road:True   Total T: 26993 Episode Num: 121 Episode T: 250 Reward: 235.154 Cost: 19.000 ShieldInt: 70 ShieldDist: 26.578
arrive destination: True ,out of road:False   Total T: 27346 Episode Num: 122 Episode T: 353 Reward: 336.086 Cost: 9.000 ShieldInt: 70 ShieldDist: 16.061
arrive destination: False ,out of road:True   Total T: 27474 Episode Num: 123 Episode T: 128 Reward: 130.845 Cost: 1.000 ShieldInt: 21 ShieldDist: 5.066
arrive destination: False ,out of road:True   Total T: 27576 Episode Num: 124 Episode T: 102 Reward: 96.578 Cost: 1.000 ShieldInt: 10 ShieldDist: 2.356
arrive destination: True ,out of road:False   Total T: 28027 Episode Num: 125 Episode T: 451 Reward: 378.837 Cost: 20.000 ShieldInt: 97 ShieldDist: 51.798
arrive destination: False ,out of road:True   Total T: 28123 Episode Num: 126 Episode T: 96 Reward: 76.879 Cost: 4.000 ShieldInt: 6 ShieldDist: 3.154
arrive destination: False ,out of road:True   Total T: 28206 Episode Num: 127 Episode T: 83 Reward: 57.954 Cost: 1.000 ShieldInt: 18 ShieldDist: 4.279
arrive destination: False ,out of road:True   Total T: 28343 Episode Num: 128 Episode T: 137 Reward: 121.511 Cost: 3.000 ShieldInt: 14 ShieldDist: 3.311
arrive destination: True ,out of road:False   Total T: 28607 Episode Num: 129 Episode T: 264 Reward: 295.853 Cost: 15.000 ShieldInt: 21 ShieldDist: 4.831
arrive destination: True ,out of road:False   Total T: 29077 Episode Num: 130 Episode T: 470 Reward: 471.712 Cost: 21.000 ShieldInt: 77 ShieldDist: 31.939
arrive destination: False ,out of road:True   Total T: 29348 Episode Num: 131 Episode T: 271 Reward: 274.919 Cost: 6.000 ShieldInt: 50 ShieldDist: 11.602
arrive destination: False ,out of road:True   Total T: 29440 Episode Num: 132 Episode T: 92 Reward: 68.697 Cost: 3.000 ShieldInt: 30 ShieldDist: 7.228
arrive destination: True ,out of road:False   Total T: 29618 Episode Num: 133 Episode T: 178 Reward: 268.057 Cost: 0.000 ShieldInt: 5 ShieldDist: 1.080
arrive destination: False ,out of road:True   Total T: 29749 Episode Num: 134 Episode T: 131 Reward: 133.064 Cost: 1.000 ShieldInt: 25 ShieldDist: 5.682
---------------------------------------
Evaluation over 20 episodes: 0.350 Cost 11.000.             SafeRL used : use_qpsl
---------------------------------------
[34;1m
Time: 2026-07-02 07:13:53, Time spent from previous logger: 167.169 s[0m
[34;1mCustomLogger with fileds: ['total_steps', 'EpRet', 'EpCost', 'CostRate'][0m
[34;1mfieldvalues: [30000, 0.35, 11.0, 0.027967598919963997]
[0m
arrive destination: True ,out of road:False   Total T: 30271 Episode Num: 135 Episode T: 522 Reward: 443.315 Cost: 25.000 ShieldInt: 34 ShieldDist: 26.454
arrive destination: True ,out of road:False   Total T: 30443 Episode Num: 136 Episode T: 172 Reward: 268.959 Cost: 1.000 ShieldInt: 7 ShieldDist: 1.530
arrive destination: False ,out of road:True   Total T: 30549 Episode Num: 137 Episode T: 106 Reward: 101.917 Cost: 1.000 ShieldInt: 9 ShieldDist: 2.178
arrive destination: True ,out of road:False   Total T: 30861 Episode Num: 138 Episode T: 312 Reward: 303.626 Cost: 33.000 ShieldInt: 43 ShieldDist: 20.309
arrive destination: True ,out of road:False   Total T: 31210 Episode Num: 139 Episode T: 349 Reward: 267.039 Cost: 17.000 ShieldInt: 75 ShieldDist: 17.147
arrive destination: False ,out of road:True   Total T: 31471 Episode Num: 140 Episode T: 261 Reward: 242.564 Cost: 7.000 ShieldInt: 43 ShieldDist: 9.626
arrive destination: False ,out of road:True   Total T: 31592 Episode Num: 141 Episode T: 121 Reward: 134.296 Cost: 1.000 ShieldInt: 13 ShieldDist: 3.121
arrive destination: True ,out of road:False   Total T: 31863 Episode Num: 142 Episode T: 271 Reward: 295.190 Cost: 18.000 ShieldInt: 17 ShieldDist: 4.049
arrive destination: False ,out of road:True   Total T: 32191 Episode Num: 143 Episode T: 328 Reward: 207.723 Cost: 11.000 ShieldInt: 97 ShieldDist: 22.682
arrive destination: True ,out of road:False   Total T: 32688 Episode Num: 144 Episode T: 497 Reward: 372.646 Cost: 50.000 ShieldInt: 117 ShieldDist: 139.783
arrive destination: False ,out of road:True   Total T: 32888 Episode Num: 145 Episode T: 200 Reward: 190.639 Cost: 8.000 ShieldInt: 23 ShieldDist: 5.350
arrive destination: True ,out of road:False   Total T: 33232 Episode Num: 146 Episode T: 344 Reward: 267.952 Cost: 17.000 ShieldInt: 65 ShieldDist: 15.462
arrive destination: False ,out of road:True   Total T: 33459 Episode Num: 147 Episode T: 227 Reward: 198.432 Cost: 5.000 ShieldInt: 38 ShieldDist: 8.559
arrive destination: False ,out of road:True   Total T: 33542 Episode Num: 148 Episode T: 83 Reward: 57.241 Cost: 1.000 ShieldInt: 12 ShieldDist: 2.671
arrive destination: False ,out of road:True   Total T: 33803 Episode Num: 149 Episode T: 261 Reward: 245.648 Cost: 4.000 ShieldInt: 43 ShieldDist: 9.858
arrive destination: False ,out of road:True   Total T: 33927 Episode Num: 150 Episode T: 124 Reward: 140.343 Cost: 1.000 ShieldInt: 21 ShieldDist: 4.975
arrive destination: False ,out of road:True   Total T: 34030 Episode Num: 151 Episode T: 103 Reward: 80.001 Cost: 7.000 ShieldInt: 33 ShieldDist: 9.191
arrive destination: True ,out of road:False   Total T: 34398 Episode Num: 152 Episode T: 368 Reward: 303.756 Cost: 38.000 ShieldInt: 58 ShieldDist: 13.829
arrive destination: True ,out of road:False   Total T: 34767 Episode Num: 153 Episode T: 369 Reward: 303.429 Cost: 29.000 ShieldInt: 55 ShieldDist: 12.637
arrive destination: False ,out of road:True   Total T: 34999 Episode Num: 154 Episode T: 232 Reward: 217.982 Cost: 16.000 ShieldInt: 60 ShieldDist: 24.215
arrive destination: False ,out of road:True   Total T: 35301 Episode Num: 155 Episode T: 302 Reward: 285.862 Cost: 6.000 ShieldInt: 51 ShieldDist: 11.152
arrive destination: False ,out of road:True   Total T: 35478 Episode Num: 156 Episode T: 177 Reward: 211.748 Cost: 7.000 ShieldInt: 26 ShieldDist: 5.977
arrive destination: True ,out of road:False   Total T: 35650 Episode Num: 157 Episode T: 172 Reward: 268.551 Cost: 0.000 ShieldInt: 5 ShieldDist: 1.116
arrive destination: False ,out of road:True   Total T: 35777 Episode Num: 158 Episode T: 127 Reward: 130.416 Cost: 1.000 ShieldInt: 16 ShieldDist: 3.663
arrive destination: True ,out of road:False   Total T: 36039 Episode Num: 159 Episode T: 262 Reward: 295.340 Cost: 9.000 ShieldInt: 24 ShieldDist: 5.698
arrive destination: True ,out of road:False   Total T: 36410 Episode Num: 160 Episode T: 371 Reward: 302.749 Cost: 22.000 ShieldInt: 65 ShieldDist: 15.451
arrive destination: False ,out of road:True   Total T: 36555 Episode Num: 161 Episode T: 145 Reward: 177.792 Cost: 1.000 ShieldInt: 21 ShieldDist: 4.887
arrive destination: False ,out of road:True   Total T: 36652 Episode Num: 162 Episode T: 97 Reward: 69.248 Cost: 4.000 ShieldInt: 27 ShieldDist: 6.481
arrive destination: True ,out of road:False   Total T: 37157 Episode Num: 163 Episode T: 505 Reward: 471.612 Cost: 21.000 ShieldInt: 116 ShieldDist: 73.773
arrive destination: False ,out of road:True   Total T: 37264 Episode Num: 164 Episode T: 107 Reward: 101.184 Cost: 1.000 ShieldInt: 14 ShieldDist: 3.164
arrive destination: False ,out of road:True   Total T: 37546 Episode Num: 165 Episode T: 282 Reward: 211.597 Cost: 11.000 ShieldInt: 45 ShieldDist: 10.419
arrive destination: False ,out of road:True   Total T: 37677 Episode Num: 166 Episode T: 131 Reward: 140.547 Cost: 1.000 ShieldInt: 18 ShieldDist: 9.254
arrive destination: False ,out of road:True   Total T: 37806 Episode Num: 167 Episode T: 129 Reward: 116.066 Cost: 1.000 ShieldInt: 15 ShieldDist: 3.632
arrive destination: False ,out of road:True   Total T: 37919 Episode Num: 168 Episode T: 113 Reward: 105.857 Cost: 2.000 ShieldInt: 18 ShieldDist: 4.166
arrive destination: False ,out of road:True   Total T: 38092 Episode Num: 169 Episode T: 173 Reward: 140.916 Cost: 12.000 ShieldInt: 37 ShieldDist: 12.076
arrive destination: True ,out of road:False   Total T: 38267 Episode Num: 170 Episode T: 175 Reward: 268.407 Cost: 0.000 ShieldInt: 7 ShieldDist: 1.477
arrive destination: True ,out of road:False   Total T: 38633 Episode Num: 171 Episode T: 366 Reward: 303.958 Cost: 26.000 ShieldInt: 53 ShieldDist: 14.087
arrive destination: False ,out of road:True   Total T: 38933 Episode Num: 172 Episode T: 300 Reward: 198.723 Cost: 22.000 ShieldInt: 47 ShieldDist: 17.639
arrive destination: False ,out of road:True   Total T: 39154 Episode Num: 173 Episode T: 221 Reward: 236.227 Cost: 4.000 ShieldInt: 49 ShieldDist: 11.589
arrive destination: True ,out of road:False   Total T: 39443 Episode Num: 174 Episode T: 289 Reward: 270.982 Cost: 10.000 ShieldInt: 12 ShieldDist: 2.891
---------------------------------------
Evaluation over 20 episodes: 0.400 Cost 2.850.             SafeRL used : use_qpsl
---------------------------------------
[34;1m
Time: 2026-07-02 07:16:39, Time spent from previous logger: 165.951 s[0m
[34;1mCustomLogger with fileds: ['total_steps', 'EpRet', 'EpCost', 'CostRate'][0m
[34;1mfieldvalues: [40000, 0.4, 2.85, 0.03300082502062551]
[0m
arrive destination: True ,out of road:False   Total T: 40331 Episode Num: 175 Episode T: 888 Reward: 516.751 Cost: 44.000 ShieldInt: 14 ShieldDist: 5.625
arrive destination: False ,out of road:True   Total T: 40502 Episode Num: 176 Episode T: 171 Reward: 175.801 Cost: 1.000 ShieldInt: 16 ShieldDist: 3.635
arrive destination: False ,out of road:True   Total T: 40607 Episode Num: 177 Episode T: 105 Reward: 69.445 Cost: 1.000 ShieldInt: 0 ShieldDist: 0.000
arrive destination: True ,out of road:False   Total T: 40882 Episode Num: 178 Episode T: 275 Reward: 295.532 Cost: 5.000 ShieldInt: 25 ShieldDist: 5.886
arrive destination: False ,out of road:False   Total T: 41882 Episode Num: 179 Episode T: 1000 Reward: 315.927 Cost: 5.000 ShieldInt: 56 ShieldDist: 13.028
arrive destination: False ,out of road:True   Total T: 42061 Episode Num: 180 Episode T: 179 Reward: 180.775 Cost: 1.000 ShieldInt: 15 ShieldDist: 3.637
arrive destination: True ,out of road:False   Total T: 42365 Episode Num: 181 Episode T: 304 Reward: 265.794 Cost: 6.000 ShieldInt: 32 ShieldDist: 7.112
arrive destination: True ,out of road:False   Total T: 42859 Episode Num: 182 Episode T: 494 Reward: 469.896 Cost: 20.000 ShieldInt: 53 ShieldDist: 19.166
arrive destination: True ,out of road:False   Total T: 43130 Episode Num: 183 Episode T: 271 Reward: 274.625 Cost: 3.000 ShieldInt: 20 ShieldDist: 4.429
arrive destination: True ,out of road:False   Total T: 43427 Episode Num: 184 Episode T: 297 Reward: 233.354 Cost: 2.000 ShieldInt: 37 ShieldDist: 8.309
arrive destination: False ,out of road:True   Total T: 43589 Episode Num: 185 Episode T: 162 Reward: 172.733 Cost: 1.000 ShieldInt: 17 ShieldDist: 3.819
arrive destination: True ,out of road:False   Total T: 43880 Episode Num: 186 Episode T: 291 Reward: 233.363 Cost: 5.000 ShieldInt: 40 ShieldDist: 17.351
arrive destination: False ,out of road:True   Total T: 44163 Episode Num: 187 Episode T: 283 Reward: 200.330 Cost: 6.000 ShieldInt: 67 ShieldDist: 15.144
arrive destination: False ,out of road:True   Total T: 44325 Episode Num: 188 Episode T: 162 Reward: 172.394 Cost: 1.000 ShieldInt: 10 ShieldDist: 2.338
arrive destination: False ,out of road:True   Total T: 44486 Episode Num: 189 Episode T: 161 Reward: 165.179 Cost: 1.000 ShieldInt: 3 ShieldDist: 0.707
arrive destination: True ,out of road:False   Total T: 44952 Episode Num: 190 Episode T: 466 Reward: 366.106 Cost: 6.000 ShieldInt: 82 ShieldDist: 21.114
arrive destination: True ,out of road:False   Total T: 45154 Episode Num: 191 Episode T: 202 Reward: 270.180 Cost: 0.000 ShieldInt: 11 ShieldDist: 2.674
arrive destination: True ,out of road:False   Total T: 45444 Episode Num: 192 Episode T: 290 Reward: 235.199 Cost: 0.000 ShieldInt: 27 ShieldDist: 6.248
arrive destination: True ,out of road:False   Total T: 45709 Episode Num: 193 Episode T: 265 Reward: 233.419 Cost: 3.000 ShieldInt: 36 ShieldDist: 8.799
arrive destination: True ,out of road:False   Total T: 46130 Episode Num: 194 Episode T: 421 Reward: 302.315 Cost: 26.000 ShieldInt: 69 ShieldDist: 39.807
arrive destination: False ,out of road:True   Total T: 46352 Episode Num: 195 Episode T: 222 Reward: 193.849 Cost: 12.000 ShieldInt: 31 ShieldDist: 16.203
arrive destination: True ,out of road:False   Total T: 46740 Episode Num: 196 Episode T: 388 Reward: 302.339 Cost: 22.000 ShieldInt: 38 ShieldDist: 8.521
arrive destination: False ,out of road:True   Total T: 46957 Episode Num: 197 Episode T: 217 Reward: 131.868 Cost: 5.000 ShieldInt: 47 ShieldDist: 10.767
arrive destination: False ,out of road:True   Total T: 47060 Episode Num: 198 Episode T: 103 Reward: 76.145 Cost: 4.000 ShieldInt: 5 ShieldDist: 1.108
arrive destination: True ,out of road:False   Total T: 47390 Episode Num: 199 Episode T: 330 Reward: 302.570 Cost: 15.000 ShieldInt: 36 ShieldDist: 12.691
arrive destination: True ,out of road:False   Total T: 47800 Episode Num: 200 Episode T: 410 Reward: 303.859 Cost: 21.000 ShieldInt: 79 ShieldDist: 48.907
arrive destination: True ,out of road:False   Total T: 48135 Episode Num: 201 Episode T: 335 Reward: 287.747 Cost: 6.000 ShieldInt: 32 ShieldDist: 7.496
arrive destination: True ,out of road:False   Total T: 48639 Episode Num: 202 Episode T: 504 Reward: 369.692 Cost: 22.000 ShieldInt: 99 ShieldDist: 22.709
arrive destination: False ,out of road:True   Total T: 49051 Episode Num: 203 Episode T: 412 Reward: 274.083 Cost: 10.000 ShieldInt: 67 ShieldDist: 20.527
arrive destination: False ,out of road:True   Total T: 49270 Episode Num: 204 Episode T: 219 Reward: 232.422 Cost: 4.000 ShieldInt: 31 ShieldDist: 7.025
arrive destination: True ,out of road:False   Total T: 49538 Episode Num: 205 Episode T: 268 Reward: 295.848 Cost: 4.000 ShieldInt: 28 ShieldDist: 6.703
arrive destination: False ,out of road:True   Total T: 49658 Episode Num: 206 Episode T: 120 Reward: 108.271 Cost: 5.000 ShieldInt: 10 ShieldDist: 2.369
arrive destination: False ,out of road:True   Total T: 49753 Episode Num: 207 Episode T: 95 Reward: 84.827 Cost: 1.000 ShieldInt: 8 ShieldDist: 1.719
---------------------------------------
Evaluation over 20 episodes: 0.300 Cost 12.150.             SafeRL used : use_qpsl
---------------------------------------
[34;1m
Time: 2026-07-02 07:19:17, Time spent from previous logger: 157.746 s[0m
[34;1mCustomLogger with fileds: ['total_steps', 'EpRet', 'EpCost', 'CostRate'][0m
[34;1mfieldvalues: [50000, 0.3, 12.15, 0.03102062041240825]
[0m
arrive destination: True ,out of road:False   Total T: 50412 Episode Num: 208 Episode T: 659 Reward: 515.903 Cost: 42.000 ShieldInt: 82 ShieldDist: 22.350
arrive destination: True ,out of road:False   Total T: 50742 Episode Num: 209 Episode T: 330 Reward: 265.968 Cost: 0.000 ShieldInt: 56 ShieldDist: 12.973
arrive destination: True ,out of road:False   Total T: 51183 Episode Num: 210 Episode T: 441 Reward: 378.180 Cost: 26.000 ShieldInt: 55 ShieldDist: 37.230
arrive destination: True ,out of road:False   Total T: 51681 Episode Num: 211 Episode T: 498 Reward: 470.294 Cost: 18.000 ShieldInt: 70 ShieldDist: 16.151
arrive destination: True ,out of road:False   Total T: 51984 Episode Num: 212 Episode T: 303 Reward: 294.717 Cost: 2.000 ShieldInt: 30 ShieldDist: 6.860
arrive destination: True ,out of road:False   Total T: 52343 Episode Num: 213 Episode T: 359 Reward: 287.372 Cost: 10.000 ShieldInt: 50 ShieldDist: 14.316
arrive destination: True ,out of road:False   Total T: 52771 Episode Num: 214 Episode T: 428 Reward: 335.829 Cost: 8.000 ShieldInt: 82 ShieldDist: 25.091
arrive destination: True ,out of road:False   Total T: 53232 Episode Num: 215 Episode T: 461 Reward: 376.322 Cost: 14.000 ShieldInt: 84 ShieldDist: 31.546
arrive destination: False ,out of road:True   Total T: 53347 Episode Num: 216 Episode T: 115 Reward: 101.759 Cost: 3.000 ShieldInt: 14 ShieldDist: 3.145
arrive destination: False ,out of road:True   Total T: 53612 Episode Num: 217 Episode T: 265 Reward: 209.672 Cost: 7.000 ShieldInt: 48 ShieldDist: 21.155
arrive destination: True ,out of road:False   Total T: 54090 Episode Num: 218 Episode T: 478 Reward: 336.016 Cost: 8.000 ShieldInt: 103 ShieldDist: 30.718
arrive destination: True ,out of road:False   Total T: 54353 Episode Num: 219 Episode T: 263 Reward: 295.700 Cost: 4.000 ShieldInt: 27 ShieldDist: 5.996
arrive destination: False ,out of road:True   Total T: 55060 Episode Num: 220 Episode T: 707 Reward: 49.768 Cost: 30.000 ShieldInt: 471 ShieldDist: 113.971
arrive destination: False ,out of road:True   Total T: 55201 Episode Num: 221 Episode T: 141 Reward: 130.648 Cost: 1.000 ShieldInt: 29 ShieldDist: 6.738
arrive destination: False ,out of road:True   Total T: 55335 Episode Num: 222 Episode T: 134 Reward: 130.323 Cost: 1.000 ShieldInt: 15 ShieldDist: 3.512
arrive destination: True ,out of road:False   Total T: 55775 Episode Num: 223 Episode T: 440 Reward: 381.851 Cost: 20.000 ShieldInt: 65 ShieldDist: 30.562
arrive destination: True ,out of road:False   Total T: 55981 Episode Num: 224 Episode T: 206 Reward: 269.571 Cost: 1.000 ShieldInt: 8 ShieldDist: 1.835
arrive destination: False ,out of road:True   Total T: 56124 Episode Num: 225 Episode T: 143 Reward: 116.171 Cost: 4.000 ShieldInt: 24 ShieldDist: 5.312
arrive destination: True ,out of road:False   Total T: 56562 Episode Num: 226 Episode T: 438 Reward: 364.781 Cost: 16.000 ShieldInt: 85 ShieldDist: 19.413
arrive destination: False ,out of road:True   Total T: 56692 Episode Num: 227 Episode T: 130 Reward: 130.938 Cost: 1.000 ShieldInt: 17 ShieldDist: 3.973
arrive destination: True ,out of road:False   Total T: 57041 Episode Num: 228 Episode T: 349 Reward: 263.283 Cost: 5.000 ShieldInt: 80 ShieldDist: 24.130
arrive destination: False ,out of road:True   Total T: 57171 Episode Num: 229 Episode T: 130 Reward: 131.335 Cost: 1.000 ShieldInt: 24 ShieldDist: 5.189
arrive destination: True ,out of road:False   Total T: 57453 Episode Num: 230 Episode T: 282 Reward: 295.719 Cost: 13.000 ShieldInt: 15 ShieldDist: 20.653
arrive destination: True ,out of road:False   Total T: 57976 Episode Num: 231 Episode T: 523 Reward: 336.052 Cost: 19.000 ShieldInt: 120 ShieldDist: 34.715
arrive destination: True ,out of road:False   Total T: 58296 Episode Num: 232 Episode T: 320 Reward: 264.230 Cost: 11.000 ShieldInt: 39 ShieldDist: 8.754
arrive destination: False ,out of road:True   Total T: 58492 Episode Num: 233 Episode T: 196 Reward: 232.472 Cost: 1.000 ShieldInt: 30 ShieldDist: 7.071
arrive destination: True ,out of road:False   Total T: 58830 Episode Num: 234 Episode T: 338 Reward: 267.226 Cost: 13.000 ShieldInt: 55 ShieldDist: 14.129
arrive destination: True ,out of road:False   Total T: 59298 Episode Num: 235 Episode T: 468 Reward: 415.381 Cost: 36.000 ShieldInt: 83 ShieldDist: 20.852
arrive destination: True ,out of road:False   Total T: 59663 Episode Num: 236 Episode T: 365 Reward: 272.935 Cost: 30.000 ShieldInt: 69 ShieldDist: 20.968
arrive destination: False ,out of road:True   Total T: 59793 Episode Num: 237 Episode T: 130 Reward: 130.367 Cost: 1.000 ShieldInt: 15 ShieldDist: 3.324
---------------------------------------
Evaluation over 20 episodes: 0.350 Cost 17.850.             SafeRL used : use_qpsl
---------------------------------------
[34;1m
Time: 2026-07-02 07:22:07, Time spent from previous logger: 170.302 s[0m
[34;1mCustomLogger with fileds: ['total_steps', 'EpRet', 'EpCost', 'CostRate'][0m
[34;1mfieldvalues: [60000, 0.35, 17.85, 0.03156719278654644]
[0m
arrive destination: True ,out of road:False   Total T: 60300 Episode Num: 238 Episode T: 507 Reward: 459.540 Cost: 14.000 ShieldInt: 44 ShieldDist: 15.217
arrive destination: False ,out of road:False   Total T: 61300 Episode Num: 239 Episode T: 1000 Reward: 127.068 Cost: 31.000 ShieldInt: 762 ShieldDist: 1420.510
arrive destination: True ,out of road:False   Total T: 61621 Episode Num: 240 Episode T: 321 Reward: 295.770 Cost: 36.000 ShieldInt: 16 ShieldDist: 3.551
arrive destination: True ,out of road:False   Total T: 61996 Episode Num: 241 Episode T: 375 Reward: 264.221 Cost: 2.000 ShieldInt: 127 ShieldDist: 29.025
arrive destination: True ,out of road:False   Total T: 62408 Episode Num: 242 Episode T: 412 Reward: 336.409 Cost: 26.000 ShieldInt: 65 ShieldDist: 16.628
arrive destination: True ,out of road:False   Total T: 62754 Episode Num: 243 Episode T: 346 Reward: 301.970 Cost: 50.000 ShieldInt: 43 ShieldDist: 11.508
arrive destination: False ,out of road:True   Total T: 62992 Episode Num: 244 Episode T: 238 Reward: 68.536 Cost: 33.000 ShieldInt: 143 ShieldDist: 212.486
arrive destination: True ,out of road:False   Total T: 63173 Episode Num: 245 Episode T: 181 Reward: 269.460 Cost: 1.000 ShieldInt: 9 ShieldDist: 3.848
arrive destination: True ,out of road:False   Total T: 63474 Episode Num: 246 Episode T: 301 Reward: 277.024 Cost: 14.000 ShieldInt: 34 ShieldDist: 17.779
arrive destination: True ,out of road:False   Total T: 63964 Episode Num: 247 Episode T: 490 Reward: 407.872 Cost: 42.000 ShieldInt: 78 ShieldDist: 19.961
arrive destination: False ,out of road:True   Total T: 64092 Episode Num: 248 Episode T: 128 Reward: 130.588 Cost: 1.000 ShieldInt: 26 ShieldDist: 5.994
arrive destination: True ,out of road:False   Total T: 64660 Episode Num: 249 Episode T: 568 Reward: 367.769 Cost: 28.000 ShieldInt: 145 ShieldDist: 64.717
arrive destination: False ,out of road:True   Total T: 64897 Episode Num: 250 Episode T: 237 Reward: 239.700 Cost: 1.000 ShieldInt: 38 ShieldDist: 9.092
arrive destination: False ,out of road:True   Total T: 65261 Episode Num: 251 Episode T: 364 Reward: 203.932 Cost: 39.000 ShieldInt: 65 ShieldDist: 15.038
arrive destination: True ,out of road:False   Total T: 65655 Episode Num: 252 Episode T: 394 Reward: 264.581 Cost: 9.000 ShieldInt: 97 ShieldDist: 29.546
arrive destination: True ,out of road:False   Total T: 66363 Episode Num: 253 Episode T: 708 Reward: 377.489 Cost: 68.000 ShieldInt: 208 ShieldDist: 296.605
arrive destination: True ,out of road:False   Total T: 66661 Episode Num: 254 Episode T: 298 Reward: 268.670 Cost: 10.000 ShieldInt: 61 ShieldDist: 22.805
arrive destination: False ,out of road:True   Total T: 66849 Episode Num: 255 Episode T: 188 Reward: 177.611 Cost: 1.000 ShieldInt: 36 ShieldDist: 8.066
arrive destination: True ,out of road:False   Total T: 67113 Episode Num: 256 Episode T: 264 Reward: 233.211 Cost: 34.000 ShieldInt: 28 ShieldDist: 6.251
arrive destination: False ,out of road:True   Total T: 67217 Episode Num: 257 Episode T: 104 Reward: 61.239 Cost: 4.000 ShieldInt: 18 ShieldDist: 4.176
arrive destination: True ,out of road:False   Total T: 67605 Episode Num: 258 Episode T: 388 Reward: 381.575 Cost: 14.000 ShieldInt: 61 ShieldDist: 13.921
arrive destination: True ,out of road:False   Total T: 67868 Episode Num: 259 Episode T: 263 Reward: 296.054 Cost: 17.000 ShieldInt: 19 ShieldDist: 4.320
arrive destination: True ,out of road:False   Total T: 68127 Episode Num: 260 Episode T: 259 Reward: 295.793 Cost: 9.000 ShieldInt: 29 ShieldDist: 13.574
arrive destination: True ,out of road:False   Total T: 68334 Episode Num: 261 Episode T: 207 Reward: 269.913 Cost: 3.000 ShieldInt: 13 ShieldDist: 4.822
arrive destination: False ,out of road:True   Total T: 68447 Episode Num: 262 Episode T: 113 Reward: 103.980 Cost: 7.000 ShieldInt: 12 ShieldDist: 2.741
arrive destination: False ,out of road:True   Total T: 68534 Episode Num: 263 Episode T: 87 Reward: 67.382 Cost: 1.000 ShieldInt: 2 ShieldDist: 0.490
arrive destination: True ,out of road:False   Total T: 69002 Episode Num: 264 Episode T: 468 Reward: 380.997 Cost: 20.000 ShieldInt: 75 ShieldDist: 28.979
arrive destination: True ,out of road:False   Total T: 69218 Episode Num: 265 Episode T: 216 Reward: 270.137 Cost: 1.000 ShieldInt: 15 ShieldDist: 3.624
arrive destination: False ,out of road:True   Total T: 69481 Episode Num: 266 Episode T: 263 Reward: 195.775 Cost: 19.000 ShieldInt: 37 ShieldDist: 15.244
arrive destination: False ,out of road:True   Total T: 69655 Episode Num: 267 Episode T: 174 Reward: 193.592 Cost: 1.000 ShieldInt: 15 ShieldDist: 3.610
arrive destination: False ,out of road:True   Total T: 69790 Episode Num: 268 Episode T: 135 Reward: 131.907 Cost: 1.000 ShieldInt: 21 ShieldDist: 4.704
---------------------------------------
Evaluation over 20 episodes: 0.400 Cost 15.900.             SafeRL used : use_qpsl
---------------------------------------
[34;1m
Time: 2026-07-02 07:24:49, Time spent from previous logger: 161.357 s[0m
[34;1mCustomLogger with fileds: ['total_steps', 'EpRet', 'EpCost', 'CostRate'][0m
[34;1mfieldvalues: [70000, 0.4, 15.9, 0.034843354905070074]
[0m
arrive destination: False ,out of road:True   Total T: 70187 Episode Num: 269 Episode T: 397 Reward: 323.706 Cost: 12.000 ShieldInt: 35 ShieldDist: 7.516
arrive destination: True ,out of road:False   Total T: 70792 Episode Num: 270 Episode T: 605 Reward: 407.765 Cost: 55.000 ShieldInt: 192 ShieldDist: 217.207
arrive destination: False ,out of road:False   Total T: 71792 Episode Num: 271 Episode T: 1000 Reward: 265.332 Cost: 24.000 ShieldInt: 53 ShieldDist: 26.405
arrive destination: True ,out of road:False   Total T: 72257 Episode Num: 272 Episode T: 465 Reward: 336.360 Cost: 81.000 ShieldInt: 55 ShieldDist: 19.270
arrive destination: False ,out of road:True   Total T: 72545 Episode Num: 273 Episode T: 288 Reward: 275.192 Cost: 13.000 ShieldInt: 49 ShieldDist: 11.034
arrive destination: True ,out of road:False   Total T: 72809 Episode Num: 274 Episode T: 264 Reward: 235.506 Cost: 4.000 ShieldInt: 50 ShieldDist: 28.954
arrive destination: False ,out of road:True   Total T: 73000 Episode Num: 275 Episode T: 191 Reward: 231.114 Cost: 3.000 ShieldInt: 15 ShieldDist: 5.246
arrive destination: False ,out of road:True   Total T: 73236 Episode Num: 276 Episode T: 236 Reward: 179.100 Cost: 12.000 ShieldInt: 25 ShieldDist: 5.853
arrive destination: True ,out of road:False   Total T: 73508 Episode Num: 277 Episode T: 272 Reward: 289.941 Cost: 0.000 ShieldInt: 45 ShieldDist: 10.322
arrive destination: True ,out of road:False   Total T: 73952 Episode Num: 278 Episode T: 444 Reward: 380.582 Cost: 16.000 ShieldInt: 72 ShieldDist: 34.134
arrive destination: False ,out of road:True   Total T: 74071 Episode Num: 279 Episode T: 119 Reward: 107.109 Cost: 5.000 ShieldInt: 20 ShieldDist: 4.855
arrive destination: True ,out of road:False   Total T: 74414 Episode Num: 280 Episode T: 343 Reward: 301.483 Cost: 33.000 ShieldInt: 41 ShieldDist: 14.532
arrive destination: True ,out of road:False   Total T: 74765 Episode Num: 281 Episode T: 351 Reward: 294.832 Cost: 5.000 ShieldInt: 53 ShieldDist: 23.357
arrive destination: False ,out of road:True   Total T: 74990 Episode Num: 282 Episode T: 225 Reward: 124.258 Cost: 14.000 ShieldInt: 60 ShieldDist: 13.858
arrive destination: True ,out of road:False   Total T: 75475 Episode Num: 283 Episode T: 485 Reward: 410.403 Cost: 34.000 ShieldInt: 93 ShieldDist: 39.211
arrive destination: True ,out of road:False   Total T: 75972 Episode Num: 284 Episode T: 497 Reward: 376.105 Cost: 37.000 ShieldInt: 129 ShieldDist: 40.198
arrive destination: False ,out of road:False   Total T: 76972 Episode Num: 285 Episode T: 1000 Reward: 182.364 Cost: 95.000 ShieldInt: 604 ShieldDist: 926.582
arrive destination: False ,out of road:True   Total T: 77102 Episode Num: 286 Episode T: 130 Reward: 131.656 Cost: 1.000 ShieldInt: 24 ShieldDist: 5.665
arrive destination: True ,out of road:False   Total T: 77398 Episode Num: 287 Episode T: 296 Reward: 294.761 Cost: 6.000 ShieldInt: 36 ShieldDist: 14.896
arrive destination: True ,out of road:False   Total T: 77860 Episode Num: 288 Episode T: 462 Reward: 366.081 Cost: 19.000 ShieldInt: 64 ShieldDist: 25.069
arrive destination: True ,out of road:False   Total T: 78406 Episode Num: 289 Episode T: 546 Reward: 412.327 Cost: 52.000 ShieldInt: 117 ShieldDist: 26.744
arrive destination: True ,out of road:False   Total T: 78660 Episode Num: 290 Episode T: 254 Reward: 233.075 Cost: 24.000 ShieldInt: 37 ShieldDist: 8.587
arrive destination: False ,out of road:True   Total T: 78973 Episode Num: 291 Episode T: 313 Reward: 264.521 Cost: 12.000 ShieldInt: 51 ShieldDist: 18.846
arrive destination: False ,out of road:True   Total T: 79217 Episode Num: 292 Episode T: 244 Reward: 208.717 Cost: 11.000 ShieldInt: 23 ShieldDist: 8.648
arrive destination: True ,out of road:False   Total T: 79465 Episode Num: 293 Episode T: 248 Reward: 233.263 Cost: 17.000 ShieldInt: 41 ShieldDist: 14.294
arrive destination: False ,out of road:True   Total T: 79605 Episode Num: 294 Episode T: 140 Reward: 147.659 Cost: 1.000 ShieldInt: 1 ShieldDist: 0.225
arrive destination: True ,out of road:False   Total T: 79792 Episode Num: 295 Episode T: 187 Reward: 269.658 Cost: 0.000 ShieldInt: 11 ShieldDist: 2.324
---------------------------------------
Evaluation over 20 episodes: 0.500 Cost 15.300.             SafeRL used : use_qpsl
---------------------------------------
[34;1m
Time: 2026-07-02 07:27:49, Time spent from previous logger: 180.286 s[0m
[34;1mCustomLogger with fileds: ['total_steps', 'EpRet', 'EpCost', 'CostRate'][0m
[34;1mfieldvalues: [80000, 0.5, 15.3, 0.037850473130914136]
[0m
arrive destination: True ,out of road:False   Total T: 80477 Episode Num: 296 Episode T: 685 Reward: 617.406 Cost: 33.000 ShieldInt: 95 ShieldDist: 32.576
arrive destination: True ,out of road:False   Total T: 80760 Episode Num: 297 Episode T: 283 Reward: 278.678 Cost: 14.000 ShieldInt: 21 ShieldDist: 5.096
arrive destination: True ,out of road:False   Total T: 81194 Episode Num: 298 Episode T: 434 Reward: 335.923 Cost: 49.000 ShieldInt: 41 ShieldDist: 9.730
arrive destination: True ,out of road:False   Total T: 81389 Episode Num: 299 Episode T: 195 Reward: 269.678 Cost: 0.000 ShieldInt: 14 ShieldDist: 3.311
arrive destination: True ,out of road:False   Total T: 81906 Episode Num: 300 Episode T: 517 Reward: 336.541 Cost: 39.000 ShieldInt: 82 ShieldDist: 25.347
arrive destination: False ,out of road:True   Total T: 82068 Episode Num: 301 Episode T: 162 Reward: 148.741 Cost: 1.000 ShieldInt: 18 ShieldDist: 4.032
arrive destination: False ,out of road:True   Total T: 82266 Episode Num: 302 Episode T: 198 Reward: 231.106 Cost: 4.000 ShieldInt: 17 ShieldDist: 3.759
arrive destination: True ,out of road:False   Total T: 82582 Episode Num: 303 Episode T: 316 Reward: 300.989 Cost: 30.000 ShieldInt: 27 ShieldDist: 13.162
arrive destination: False ,out of road:True   Total T: 82782 Episode Num: 304 Episode T: 200 Reward: 232.943 Cost: 4.000 ShieldInt: 17 ShieldDist: 8.221
arrive destination: False ,out of road:True   Total T: 82980 Episode Num: 305 Episode T: 198 Reward: 217.333 Cost: 4.000 ShieldInt: 13 ShieldDist: 2.826
arrive destination: True ,out of road:False   Total T: 83609 Episode Num: 306 Episode T: 629 Reward: 460.743 Cost: 54.000 ShieldInt: 133 ShieldDist: 77.909
arrive destination: True ,out of road:False   Total T: 83951 Episode Num: 307 Episode T: 342 Reward: 264.962 Cost: 8.000 ShieldInt: 78 ShieldDist: 22.687
arrive destination: False ,out of road:False   Total T: 84951 Episode Num: 308 Episode T: 1000 Reward: 404.144 Cost: 40.000 ShieldInt: 69 ShieldDist: 29.570
arrive destination: False ,out of road:True   Total T: 85208 Episode Num: 309 Episode T: 257 Reward: 245.693 Cost: 9.000 ShieldInt: 27 ShieldDist: 5.988
arrive destination: True ,out of road:False   Total T: 85668 Episode Num: 310 Episode T: 460 Reward: 401.727 Cost: 44.000 ShieldInt: 37 ShieldDist: 8.407
arrive destination: True ,out of road:False   Total T: 86131 Episode Num: 311 Episode T: 463 Reward: 381.210 Cost: 25.000 ShieldInt: 63 ShieldDist: 48.988
arrive destination: True ,out of road:False   Total T: 86448 Episode Num: 312 Episode T: 317 Reward: 264.086 Cost: 12.000 ShieldInt: 64 ShieldDist: 15.143
arrive destination: False ,out of road:True   Total T: 86582 Episode Num: 313 Episode T: 134 Reward: 134.198 Cost: 1.000 ShieldInt: 28 ShieldDist: 6.492
arrive destination: True ,out of road:False   Total T: 87134 Episode Num: 314 Episode T: 552 Reward: 412.153 Cost: 34.000 ShieldInt: 79 ShieldDist: 65.819
arrive destination: False ,out of road:True   Total T: 87276 Episode Num: 315 Episode T: 142 Reward: 164.283 Cost: 1.000 ShieldInt: 18 ShieldDist: 4.084
arrive destination: True ,out of road:False   Total T: 87610 Episode Num: 316 Episode T: 334 Reward: 294.876 Cost: 11.000 ShieldInt: 26 ShieldDist: 5.646
arrive destination: False ,out of road:False   Total T: 88610 Episode Num: 317 Episode T: 1000 Reward: 362.281 Cost: 35.000 ShieldInt: 66 ShieldDist: 20.267
arrive destination: True ,out of road:False   Total T: 89243 Episode Num: 318 Episode T: 633 Reward: 467.778 Cost: 42.000 ShieldInt: 94 ShieldDist: 51.038
arrive destination: True ,out of road:False   Total T: 89768 Episode Num: 319 Episode T: 525 Reward: 466.234 Cost: 21.000 ShieldInt: 55 ShieldDist: 24.612
---------------------------------------
Evaluation over 20 episodes: 0.900 Cost 23.000.             SafeRL used : use_qpsl
---------------------------------------
[34;1m
Time: 2026-07-02 07:30:53, Time spent from previous logger: 183.832 s[0m
[34;1mCustomLogger with fileds: ['total_steps', 'EpRet', 'EpCost', 'CostRate'][0m
[34;1mfieldvalues: [90000, 0.9, 23.0, 0.03937821531350348]
[0m
arrive destination: True ,out of road:False   Total T: 90456 Episode Num: 320 Episode T: 688 Reward: 590.527 Cost: 51.000 ShieldInt: 35 ShieldDist: 21.726
arrive destination: True ,out of road:False   Total T: 90759 Episode Num: 321 Episode T: 303 Reward: 300.920 Cost: 58.000 ShieldInt: 13 ShieldDist: 6.542
arrive destination: True ,out of road:False   Total T: 91097 Episode Num: 322 Episode T: 338 Reward: 265.129 Cost: 24.000 ShieldInt: 67 ShieldDist: 15.681
arrive destination: False ,out of road:True   Total T: 91233 Episode Num: 323 Episode T: 136 Reward: 134.277 Cost: 1.000 ShieldInt: 28 ShieldDist: 6.065
arrive destination: False ,out of road:True   Total T: 91411 Episode Num: 324 Episode T: 178 Reward: 138.593 Cost: 10.000 ShieldInt: 15 ShieldDist: 3.215
arrive destination: False ,out of road:True   Total T: 91648 Episode Num: 325 Episode T: 237 Reward: 200.751 Cost: 7.000 ShieldInt: 28 ShieldDist: 13.209
arrive destination: False ,out of road:True   Total T: 91892 Episode Num: 326 Episode T: 244 Reward: 202.230 Cost: 13.000 ShieldInt: 31 ShieldDist: 12.473
arrive destination: False ,out of road:True   Total T: 92068 Episode Num: 327 Episode T: 176 Reward: 138.424 Cost: 18.000 ShieldInt: 12 ShieldDist: 2.532
arrive destination: True ,out of road:False   Total T: 92675 Episode Num: 328 Episode T: 607 Reward: 380.276 Cost: 20.000 ShieldInt: 78 ShieldDist: 53.997
arrive destination: True ,out of road:False   Total T: 92993 Episode Num: 329 Episode T: 318 Reward: 264.058 Cost: 4.000 ShieldInt: 56 ShieldDist: 28.537
arrive destination: True ,out of road:False   Total T: 93369 Episode Num: 330 Episode T: 376 Reward: 288.976 Cost: 40.000 ShieldInt: 63 ShieldDist: 24.749
arrive destination: True ,out of road:False   Total T: 93622 Episode Num: 331 Episode T: 253 Reward: 295.333 Cost: 15.000 ShieldInt: 17 ShieldDist: 3.909
arrive destination: False ,out of road:True   Total T: 93958 Episode Num: 332 Episode T: 336 Reward: 138.076 Cost: 14.000 ShieldInt: 58 ShieldDist: 29.470
arrive destination: True ,out of road:False   Total T: 94269 Episode Num: 333 Episode T: 311 Reward: 294.434 Cost: 12.000 ShieldInt: 20 ShieldDist: 4.533
arrive destination: False ,out of road:True   Total T: 94420 Episode Num: 334 Episode T: 151 Reward: 127.647 Cost: 7.000 ShieldInt: 19 ShieldDist: 8.147
arrive destination: True ,out of road:False   Total T: 94671 Episode Num: 335 Episode T: 251 Reward: 276.973 Cost: 3.000 ShieldInt: 13 ShieldDist: 8.803
arrive destination: True ,out of road:False   Total T: 95103 Episode Num: 336 Episode T: 432 Reward: 273.906 Cost: 10.000 ShieldInt: 45 ShieldDist: 11.002
arrive destination: False ,out of road:True   Total T: 95529 Episode Num: 337 Episode T: 426 Reward: 357.470 Cost: 33.000 ShieldInt: 46 ShieldDist: 27.977
arrive destination: True ,out of road:False   Total T: 96045 Episode Num: 338 Episode T: 516 Reward: 336.316 Cost: 38.000 ShieldInt: 98 ShieldDist: 56.107
arrive destination: True ,out of road:False   Total T: 96644 Episode Num: 339 Episode T: 599 Reward: 506.738 Cost: 18.000 ShieldInt: 126 ShieldDist: 56.735
arrive destination: True ,out of road:False   Total T: 97133 Episode Num: 340 Episode T: 489 Reward: 466.094 Cost: 6.000 ShieldInt: 50 ShieldDist: 30.493
arrive destination: True ,out of road:False   Total T: 97583 Episode Num: 341 Episode T: 450 Reward: 388.518 Cost: 34.000 ShieldInt: 47 ShieldDist: 26.169
arrive destination: False ,out of road:False   Total T: 98583 Episode Num: 342 Episode T: 1000 Reward: 403.766 Cost: 34.000 ShieldInt: 87 ShieldDist: 46.018
arrive destination: False ,out of road:True   Total T: 98696 Episode Num: 343 Episode T: 113 Reward: 100.451 Cost: 2.000 ShieldInt: 12 ShieldDist: 2.766
arrive destination: True ,out of road:False   Total T: 99029 Episode Num: 344 Episode T: 333 Reward: 294.813 Cost: 25.000 ShieldInt: 25 ShieldDist: 7.188
arrive destination: True ,out of road:False   Total T: 99241 Episode Num: 345 Episode T: 212 Reward: 270.022 Cost: 0.000 ShieldInt: 11 ShieldDist: 2.421
arrive destination: True ,out of road:False   Total T: 99800 Episode Num: 346 Episode T: 559 Reward: 463.320 Cost: 13.000 ShieldInt: 99 ShieldDist: 22.717
---------------------------------------
Evaluation over 20 episodes: 0.700 Cost 18.550.             SafeRL used : use_qpsl
---------------------------------------
[34;1m
Time: 2026-07-02 07:34:10, Time spent from previous logger: 197.413 s[0m
[34;1mCustomLogger with fileds: ['total_steps', 'EpRet', 'EpCost', 'CostRate'][0m
[34;1mfieldvalues: [100000, 0.7, 18.55, 0.040430404304043044]
[0m
arrive destination: False ,out of road:True   Total T: 100152 Episode Num: 347 Episode T: 352 Reward: 308.298 Cost: 11.000 ShieldInt: 20 ShieldDist: 4.587
arrive destination: True ,out of road:False   Total T: 100359 Episode Num: 348 Episode T: 207 Reward: 270.123 Cost: 0.000 ShieldInt: 11 ShieldDist: 2.560
arrive destination: False ,out of road:True   Total T: 100503 Episode Num: 349 Episode T: 144 Reward: 164.386 Cost: 1.000 ShieldInt: 16 ShieldDist: 3.673
arrive destination: True ,out of road:False   Total T: 101117 Episode Num: 350 Episode T: 614 Reward: 470.894 Cost: 36.000 ShieldInt: 80 ShieldDist: 18.545
arrive destination: True ,out of road:False   Total T: 101323 Episode Num: 351 Episode T: 206 Reward: 270.104 Cost: 0.000 ShieldInt: 15 ShieldDist: 3.311
arrive destination: True ,out of road:False   Total T: 101547 Episode Num: 352 Episode T: 224 Reward: 269.613 Cost: 0.000 ShieldInt: 18 ShieldDist: 3.932
arrive destination: False ,out of road:True   Total T: 101692 Episode Num: 353 Episode T: 145 Reward: 164.326 Cost: 1.000 ShieldInt: 19 ShieldDist: 4.231
arrive destination: True ,out of road:False   Total T: 102282 Episode Num: 354 Episode T: 590 Reward: 464.762 Cost: 19.000 ShieldInt: 68 ShieldDist: 25.419
arrive destination: True ,out of road:False   Total T: 102600 Episode Num: 355 Episode T: 318 Reward: 301.843 Cost: 12.000 ShieldInt: 34 ShieldDist: 17.977
arrive destination: True ,out of road:False   Total T: 102920 Episode Num: 356 Episode T: 320 Reward: 270.731 Cost: 5.000 ShieldInt: 21 ShieldDist: 11.473
arrive destination: False ,out of road:True   Total T: 103064 Episode Num: 357 Episode T: 144 Reward: 164.886 Cost: 1.000 ShieldInt: 12 ShieldDist: 2.670
arrive destination: True ,out of road:False   Total T: 103464 Episode Num: 358 Episode T: 400 Reward: 395.777 Cost: 0.000 ShieldInt: 63 ShieldDist: 14.474
arrive destination: True ,out of road:False   Total T: 103890 Episode Num: 359 Episode T: 426 Reward: 378.792 Cost: 14.000 ShieldInt: 66 ShieldDist: 20.403
arrive destination: False ,out of road:True   Total T: 104134 Episode Num: 360 Episode T: 244 Reward: 242.506 Cost: 1.000 ShieldInt: 36 ShieldDist: 8.246
arrive destination: True ,out of road:False   Total T: 104503 Episode Num: 361 Episode T: 369 Reward: 265.022 Cost: 8.000 ShieldInt: 66 ShieldDist: 31.213
arrive destination: True ,out of road:False   Total T: 105097 Episode Num: 362 Episode T: 594 Reward: 463.412 Cost: 31.000 ShieldInt: 76 ShieldDist: 29.399
arrive destination: True ,out of road:False   Total T: 105657 Episode Num: 363 Episode T: 560 Reward: 411.828 Cost: 27.000 ShieldInt: 85 ShieldDist: 33.874
arrive destination: True ,out of road:False   Total T: 105884 Episode Num: 364 Episode T: 227 Reward: 269.337 Cost: 0.000 ShieldInt: 22 ShieldDist: 4.989
arrive destination: True ,out of road:False   Total T: 106172 Episode Num: 365 Episode T: 288 Reward: 295.701 Cost: 18.000 ShieldInt: 24 ShieldDist: 5.565
arrive destination: True ,out of road:False   Total T: 106625 Episode Num: 366 Episode T: 453 Reward: 382.089 Cost: 45.000 ShieldInt: 49 ShieldDist: 28.937
arrive destination: True ,out of road:False   Total T: 106876 Episode Num: 367 Episode T: 251 Reward: 244.366 Cost: 11.000 ShieldInt: 25 ShieldDist: 24.332
arrive destination: True ,out of road:False   Total T: 107322 Episode Num: 368 Episode T: 446 Reward: 274.159 Cost: 32.000 ShieldInt: 119 ShieldDist: 123.043
arrive destination: True ,out of road:False   Total T: 107560 Episode Num: 369 Episode T: 238 Reward: 269.835 Cost: 5.000 ShieldInt: 17 ShieldDist: 3.888
arrive destination: True ,out of road:False   Total T: 107909 Episode Num: 370 Episode T: 349 Reward: 294.568 Cost: 21.000 ShieldInt: 55 ShieldDist: 15.936
arrive destination: True ,out of road:False   Total T: 108372 Episode Num: 371 Episode T: 463 Reward: 336.015 Cost: 21.000 ShieldInt: 52 ShieldDist: 45.473
arrive destination: True ,out of road:False   Total T: 108726 Episode Num: 372 Episode T: 354 Reward: 264.734 Cost: 16.000 ShieldInt: 46 ShieldDist: 18.388
arrive destination: True ,out of road:False   Total T: 109019 Episode Num: 373 Episode T: 293 Reward: 294.089 Cost: 13.000 ShieldInt: 23 ShieldDist: 5.073
arrive destination: False ,out of road:True   Total T: 109685 Episode Num: 374 Episode T: 666 Reward: 253.995 Cost: 61.000 ShieldInt: 191 ShieldDist: 83.022
arrive destination: True ,out of road:False   Total T: 109988 Episode Num: 375 Episode T: 303 Reward: 288.908 Cost: 22.000 ShieldInt: 29 ShieldDist: 6.554
---------------------------------------
Evaluation over 20 episodes: 0.400 Cost 11.650.             SafeRL used : use_qpsl
---------------------------------------
[34;1m
Time: 2026-07-02 07:37:03, Time spent from previous logger: 173.082 s[0m
[34;1mCustomLogger with fileds: ['total_steps', 'EpRet', 'EpCost', 'CostRate'][0m
[34;1mfieldvalues: [110000, 0.4, 11.65, 0.040645824052945936]
[0m
arrive destination: True ,out of road:False   Total T: 110595 Episode Num: 376 Episode T: 607 Reward: 465.294 Cost: 14.000 ShieldInt: 92 ShieldDist: 43.720
arrive destination: True ,out of road:False   Total T: 111173 Episode Num: 377 Episode T: 578 Reward: 464.823 Cost: 20.000 ShieldInt: 97 ShieldDist: 23.604
arrive destination: False ,out of road:True   Total T: 111440 Episode Num: 378 Episode T: 267 Reward: 234.181 Cost: 10.000 ShieldInt: 13 ShieldDist: 2.748
arrive destination: True ,out of road:False   Total T: 111711 Episode Num: 379 Episode T: 271 Reward: 233.139 Cost: 34.000 ShieldInt: 35 ShieldDist: 16.704
arrive destination: True ,out of road:False   Total T: 111910 Episode Num: 380 Episode T: 199 Reward: 232.986 Cost: 5.000 ShieldInt: 14 ShieldDist: 3.312
arrive destination: False ,out of road:True   Total T: 112269 Episode Num: 381 Episode T: 359 Reward: 283.567 Cost: 14.000 ShieldInt: 39 ShieldDist: 10.680
arrive destination: False ,out of road:True   Total T: 112777 Episode Num: 382 Episode T: 508 Reward: 378.664 Cost: 12.000 ShieldInt: 108 ShieldDist: 36.762
arrive destination: True ,out of road:False   Total T: 113044 Episode Num: 383 Episode T: 267 Reward: 232.802 Cost: 9.000 ShieldInt: 34 ShieldDist: 36.839
arrive destination: True ,out of road:False   Total T: 113320 Episode Num: 384 Episode T: 276 Reward: 295.136 Cost: 11.000 ShieldInt: 37 ShieldDist: 13.746
arrive destination: True ,out of road:False   Total T: 113634 Episode Num: 385 Episode T: 314 Reward: 303.274 Cost: 6.000 ShieldInt: 23 ShieldDist: 5.142
arrive destination: True ,out of road:False   Total T: 114064 Episode Num: 386 Episode T: 430 Reward: 369.422 Cost: 14.000 ShieldInt: 61 ShieldDist: 36.992
arrive destination: True ,out of road:False   Total T: 114783 Episode Num: 387 Episode T: 719 Reward: 517.325 Cost: 54.000 ShieldInt: 86 ShieldDist: 41.511
arrive destination: False ,out of road:True   Total T: 114939 Episode Num: 388 Episode T: 156 Reward: 148.835 Cost: 11.000 ShieldInt: 17 ShieldDist: 9.451
arrive destination: True ,out of road:False   Total T: 115188 Episode Num: 389 Episode T: 249 Reward: 234.786 Cost: 31.000 ShieldInt: 18 ShieldDist: 3.988
arrive destination: False ,out of road:False   Total T: 116188 Episode Num: 390 Episode T: 1000 Reward: 143.601 Cost: 12.000 ShieldInt: 27 ShieldDist: 27.258
arrive destination: True ,out of road:False   Total T: 116616 Episode Num: 391 Episode T: 428 Reward: 382.395 Cost: 34.000 ShieldInt: 78 ShieldDist: 54.890
arrive destination: True ,out of road:False   Total T: 116834 Episode Num: 392 Episode T: 218 Reward: 269.910 Cost: 0.000 ShieldInt: 15 ShieldDist: 3.464
arrive destination: True ,out of road:False   Total T: 117237 Episode Num: 393 Episode T: 403 Reward: 398.693 Cost: 0.000 ShieldInt: 68 ShieldDist: 15.706
arrive destination: False ,out of road:True   Total T: 117711 Episode Num: 394 Episode T: 474 Reward: 405.219 Cost: 20.000 ShieldInt: 76 ShieldDist: 36.670
arrive destination: True ,out of road:False   Total T: 118176 Episode Num: 395 Episode T: 465 Reward: 399.630 Cost: 24.000 ShieldInt: 74 ShieldDist: 37.652
arrive destination: True ,out of road:False   Total T: 118430 Episode Num: 396 Episode T: 254 Reward: 232.692 Cost: 11.000 ShieldInt: 29 ShieldDist: 23.580
arrive destination: True ,out of road:False   Total T: 118848 Episode Num: 397 Episode T: 418 Reward: 336.462 Cost: 23.000 ShieldInt: 59 ShieldDist: 13.303
arrive destination: False ,out of road:True   Total T: 118991 Episode Num: 398 Episode T: 143 Reward: 118.451 Cost: 4.000 ShieldInt: 15 ShieldDist: 3.340
arrive destination: True ,out of road:False   Total T: 119303 Episode Num: 399 Episode T: 312 Reward: 285.985 Cost: 10.000 ShieldInt: 29 ShieldDist: 10.015
arrive destination: False ,out of road:True   Total T: 119608 Episode Num: 400 Episode T: 305 Reward: 234.377 Cost: 20.000 ShieldInt: 34 ShieldDist: 20.789
arrive destination: True ,out of road:False   Total T: 119954 Episode Num: 401 Episode T: 346 Reward: 294.786 Cost: 5.000 ShieldInt: 50 ShieldDist: 11.734
---------------------------------------
Evaluation over 20 episodes: 0.750 Cost 23.400.             SafeRL used : use_qpsl
---------------------------------------
[34;1m
Time: 2026-07-02 07:40:09, Time spent from previous logger: 185.398 s[0m
[34;1mCustomLogger with fileds: ['total_steps', 'EpRet', 'EpCost', 'CostRate'][0m
[34;1mfieldvalues: [120000, 0.75, 23.4, 0.040658672155601296]
[0m
arrive destination: True ,out of road:False   Total T: 120475 Episode Num: 402 Episode T: 521 Reward: 396.503 Cost: 34.000 ShieldInt: 82 ShieldDist: 36.055
arrive destination: True ,out of road:False   Total T: 120770 Episode Num: 403 Episode T: 295 Reward: 295.255 Cost: 10.000 ShieldInt: 27 ShieldDist: 32.123
arrive destination: True ,out of road:False   Total T: 121368 Episode Num: 404 Episode T: 598 Reward: 460.655 Cost: 47.000 ShieldInt: 58 ShieldDist: 41.068
arrive destination: True ,out of road:False   Total T: 121784 Episode Num: 405 Episode T: 416 Reward: 345.938 Cost: 23.000 ShieldInt: 45 ShieldDist: 31.043
arrive destination: True ,out of road:False   Total T: 122314 Episode Num: 406 Episode T: 530 Reward: 463.149 Cost: 17.000 ShieldInt: 99 ShieldDist: 48.832
arrive destination: True ,out of road:False   Total T: 122722 Episode Num: 407 Episode T: 408 Reward: 397.237 Cost: 0.000 ShieldInt: 70 ShieldDist: 15.781
arrive destination: True ,out of road:False   Total T: 122937 Episode Num: 408 Episode T: 215 Reward: 233.195 Cost: 4.000 ShieldInt: 22 ShieldDist: 11.942
arrive destination: True ,out of road:False   Total T: 123530 Episode Num: 409 Episode T: 593 Reward: 496.949 Cost: 26.000 ShieldInt: 70 ShieldDist: 41.895
arrive destination: True ,out of road:False   Total T: 123898 Episode Num: 410 Episode T: 368 Reward: 301.829 Cost: 8.000 ShieldInt: 51 ShieldDist: 36.758
arrive destination: False ,out of road:True   Total T: 123999 Episode Num: 411 Episode T: 101 Reward: 90.303 Cost: 2.000 ShieldInt: 8 ShieldDist: 5.230
arrive destination: True ,out of road:False   Total T: 124296 Episode Num: 412 Episode T: 297 Reward: 287.121 Cost: 7.000 ShieldInt: 32 ShieldDist: 7.356
arrive destination: True ,out of road:False   Total T: 124545 Episode Num: 413 Episode T: 249 Reward: 234.740 Cost: 12.000 ShieldInt: 23 ShieldDist: 16.009
arrive destination: True ,out of road:False   Total T: 124814 Episode Num: 414 Episode T: 269 Reward: 280.973 Cost: 13.000 ShieldInt: 34 ShieldDist: 11.167
arrive destination: False ,out of road:True   Total T: 124922 Episode Num: 415 Episode T: 108 Reward: 91.386 Cost: 3.000 ShieldInt: 8 ShieldDist: 1.586
arrive destination: True ,out of road:False   Total T: 125194 Episode Num: 416 Episode T: 272 Reward: 267.542 Cost: 5.000 ShieldInt: 59 ShieldDist: 17.324
arrive destination: True ,out of road:False   Total T: 125454 Episode Num: 417 Episode T: 260 Reward: 233.117 Cost: 3.000 ShieldInt: 13 ShieldDist: 2.848
arrive destination: True ,out of road:False   Total T: 125706 Episode Num: 418 Episode T: 252 Reward: 295.608 Cost: 19.000 ShieldInt: 10 ShieldDist: 2.268
arrive destination: True ,out of road:False   Total T: 126000 Episode Num: 419 Episode T: 294 Reward: 301.857 Cost: 5.000 ShieldInt: 21 ShieldDist: 4.860
arrive destination: True ,out of road:False   Total T: 126609 Episode Num: 420 Episode T: 609 Reward: 464.002 Cost: 18.000 ShieldInt: 104 ShieldDist: 30.772
arrive destination: True ,out of road:False   Total T: 126956 Episode Num: 421 Episode T: 347 Reward: 270.485 Cost: 11.000 ShieldInt: 48 ShieldDist: 18.782
arrive destination: True ,out of road:False   Total T: 127196 Episode Num: 422 Episode T: 240 Reward: 295.966 Cost: 9.000 ShieldInt: 37 ShieldDist: 20.596
arrive destination: True ,out of road:False   Total T: 127533 Episode Num: 423 Episode T: 337 Reward: 263.483 Cost: 24.000 ShieldInt: 52 ShieldDist: 24.395
arrive destination: True ,out of road:False   Total T: 127919 Episode Num: 424 Episode T: 386 Reward: 369.755 Cost: 20.000 ShieldInt: 44 ShieldDist: 10.203
arrive destination: False ,out of road:True   Total T: 128381 Episode Num: 425 Episode T: 462 Reward: 372.143 Cost: 19.000 ShieldInt: 68 ShieldDist: 24.500
arrive destination: True ,out of road:False   Total T: 128995 Episode Num: 426 Episode T: 614 Reward: 497.174 Cost: 36.000 ShieldInt: 89 ShieldDist: 47.004
