Running NociCIM train-shield QPSL: tag=nocicim_qpsl_close_range_trainshield_1m_retry_20260702 seed=0 steps=1000000 profile=close_range
Successfully registered the following environments: ['MetaDrive-validation-v0', 'MetaDrive-10env-v0', 'MetaDrive-100envs-v0', 'MetaDrive-1000envs-v0', 'SafeMetaDrive-validation-v0', 'SafeMetaDrive-10env-v0', 'SafeMetaDrive-100envs-v0', 'SafeMetaDrive-1000envs-v0', 'MARLTollgate-v0', 'MARLBottleneck-v0', 'MARLRoundabout-v0', 'MARLIntersection-v0', 'MARLParkingLot-v0', 'MARLMetaDrive-v0'].
arrive destination: False ,out of road:False   Total T: 1000 Episode Num: 1 Episode T: 1000 Reward: 8.340 Cost: 0.000 ShieldInt: 34 ShieldDist: 11.780
arrive destination: False ,out of road:False   Total T: 2000 Episode Num: 2 Episode T: 1000 Reward: 10.736 Cost: 0.000 ShieldInt: 33 ShieldDist: 11.218
arrive destination: False ,out of road:True   Total T: 2926 Episode Num: 3 Episode T: 926 Reward: 3.271 Cost: 1.000 ShieldInt: 26 ShieldDist: 9.270
arrive destination: False ,out of road:False   Total T: 3926 Episode Num: 4 Episode T: 1000 Reward: 11.859 Cost: 0.000 ShieldInt: 30 ShieldDist: 10.784
arrive destination: False ,out of road:True   Total T: 4614 Episode Num: 5 Episode T: 688 Reward: 0.728 Cost: 1.000 ShieldInt: 22 ShieldDist: 7.804
arrive destination: False ,out of road:False   Total T: 5614 Episode Num: 6 Episode T: 1000 Reward: 10.906 Cost: 0.000 ShieldInt: 33 ShieldDist: 11.802
arrive destination: False ,out of road:True   Total T: 6205 Episode Num: 7 Episode T: 591 Reward: 0.165 Cost: 1.000 ShieldInt: 17 ShieldDist: 6.015
arrive destination: False ,out of road:False   Total T: 7205 Episode Num: 8 Episode T: 1000 Reward: 8.956 Cost: 0.000 ShieldInt: 40 ShieldDist: 13.715
arrive destination: False ,out of road:False   Total T: 8205 Episode Num: 9 Episode T: 1000 Reward: 10.742 Cost: 0.000 ShieldInt: 26 ShieldDist: 8.991
arrive destination: False ,out of road:False   Total T: 9205 Episode Num: 10 Episode T: 1000 Reward: 12.358 Cost: 0.000 ShieldInt: 29 ShieldDist: 9.721
---------------------------------------
Evaluation over 20 episodes: 0.000 Cost 1.000.             SafeRL used : use_qpsl
---------------------------------------
[34;1m
Time: 2026-07-02 07:10:37, Time spent from previous logger: 50.095 s[0m
[34;1mCustomLogger with fileds: ['total_steps', 'EpRet', 'EpCost', 'CostRate'][0m
[34;1mfieldvalues: [10000, 0.0, 1.0, 0.00030003000300030005]
[0m
arrive destination: False ,out of road:True   Total T: 10047 Episode Num: 11 Episode T: 842 Reward: 3.963 Cost: 1.000 ShieldInt: 24 ShieldDist: 9.579
arrive destination: False ,out of road:True   Total T: 10078 Episode Num: 12 Episode T: 31 Reward: -3.434 Cost: 1.000 ShieldInt: 30 ShieldDist: 12.879
arrive destination: False ,out of road:True   Total T: 10118 Episode Num: 13 Episode T: 40 Reward: -3.197 Cost: 1.000 ShieldInt: 39 ShieldDist: 16.656
arrive destination: False ,out of road:True   Total T: 10150 Episode Num: 14 Episode T: 32 Reward: -3.441 Cost: 1.000 ShieldInt: 32 ShieldDist: 13.696
arrive destination: False ,out of road:True   Total T: 10190 Episode Num: 15 Episode T: 40 Reward: -3.303 Cost: 1.000 ShieldInt: 39 ShieldDist: 16.517
arrive destination: False ,out of road:True   Total T: 10229 Episode Num: 16 Episode T: 39 Reward: -3.271 Cost: 1.000 ShieldInt: 37 ShieldDist: 15.460
arrive destination: False ,out of road:True   Total T: 10261 Episode Num: 17 Episode T: 32 Reward: -3.439 Cost: 1.000 ShieldInt: 32 ShieldDist: 13.647
arrive destination: False ,out of road:True   Total T: 10300 Episode Num: 18 Episode T: 39 Reward: 0.378 Cost: 1.000 ShieldInt: 31 ShieldDist: 12.817
arrive destination: False ,out of road:True   Total T: 10332 Episode Num: 19 Episode T: 32 Reward: -3.394 Cost: 1.000 ShieldInt: 31 ShieldDist: 13.268
arrive destination: False ,out of road:True   Total T: 10364 Episode Num: 20 Episode T: 32 Reward: -3.366 Cost: 1.000 ShieldInt: 32 ShieldDist: 13.929
arrive destination: False ,out of road:True   Total T: 10507 Episode Num: 21 Episode T: 143 Reward: -3.138 Cost: 1.000 ShieldInt: 20 ShieldDist: 7.516
arrive destination: False ,out of road:True   Total T: 10584 Episode Num: 22 Episode T: 77 Reward: 0.873 Cost: 1.000 ShieldInt: 4 ShieldDist: 1.069
arrive destination: False ,out of road:True   Total T: 10601 Episode Num: 23 Episode T: 17 Reward: -5.389 Cost: 1.000 ShieldInt: 11 ShieldDist: 4.117
arrive destination: False ,out of road:True   Total T: 10633 Episode Num: 24 Episode T: 32 Reward: -3.367 Cost: 1.000 ShieldInt: 31 ShieldDist: 12.637
arrive destination: False ,out of road:True   Total T: 10650 Episode Num: 25 Episode T: 17 Reward: -5.427 Cost: 1.000 ShieldInt: 13 ShieldDist: 5.016
arrive destination: False ,out of road:True   Total T: 10713 Episode Num: 26 Episode T: 63 Reward: 0.520 Cost: 1.000 ShieldInt: 1 ShieldDist: 0.274
arrive destination: False ,out of road:True   Total T: 10732 Episode Num: 27 Episode T: 19 Reward: -4.378 Cost: 1.000 ShieldInt: 5 ShieldDist: 1.966
arrive destination: False ,out of road:True   Total T: 10762 Episode Num: 28 Episode T: 30 Reward: -1.747 Cost: 1.000 ShieldInt: 0 ShieldDist: 0.000
arrive destination: False ,out of road:True   Total T: 10803 Episode Num: 29 Episode T: 41 Reward: -2.913 Cost: 1.000 ShieldInt: 0 ShieldDist: 0.000
arrive destination: False ,out of road:True   Total T: 10860 Episode Num: 30 Episode T: 57 Reward: -2.970 Cost: 1.000 ShieldInt: 16 ShieldDist: 5.487
arrive destination: False ,out of road:True   Total T: 10877 Episode Num: 31 Episode T: 17 Reward: -5.315 Cost: 1.000 ShieldInt: 5 ShieldDist: 1.594
arrive destination: False ,out of road:True   Total T: 10915 Episode Num: 32 Episode T: 38 Reward: -3.344 Cost: 1.000 ShieldInt: 23 ShieldDist: 8.619
arrive destination: False ,out of road:True   Total T: 10953 Episode Num: 33 Episode T: 38 Reward: -2.387 Cost: 1.000 ShieldInt: 0 ShieldDist: 0.000
arrive destination: False ,out of road:True   Total T: 11017 Episode Num: 34 Episode T: 64 Reward: -2.637 Cost: 1.000 ShieldInt: 2 ShieldDist: 0.553
arrive destination: False ,out of road:True   Total T: 11048 Episode Num: 35 Episode T: 31 Reward: -3.173 Cost: 1.000 ShieldInt: 7 ShieldDist: 2.258
arrive destination: False ,out of road:True   Total T: 11079 Episode Num: 36 Episode T: 31 Reward: -3.430 Cost: 1.000 ShieldInt: 27 ShieldDist: 10.134
arrive destination: False ,out of road:True   Total T: 11112 Episode Num: 37 Episode T: 33 Reward: -3.014 Cost: 1.000 ShieldInt: 26 ShieldDist: 9.488
arrive destination: False ,out of road:True   Total T: 11152 Episode Num: 38 Episode T: 40 Reward: 0.510 Cost: 1.000 ShieldInt: 1 ShieldDist: 0.450
arrive destination: False ,out of road:True   Total T: 11182 Episode Num: 39 Episode T: 30 Reward: -0.491 Cost: 1.000 ShieldInt: 0 ShieldDist: 0.000
arrive destination: False ,out of road:True   Total T: 11213 Episode Num: 40 Episode T: 31 Reward: -1.780 Cost: 1.000 ShieldInt: 1 ShieldDist: 0.332
arrive destination: False ,out of road:True   Total T: 11248 Episode Num: 41 Episode T: 35 Reward: -1.630 Cost: 1.000 ShieldInt: 0 ShieldDist: 0.000
arrive destination: False ,out of road:True   Total T: 11279 Episode Num: 42 Episode T: 31 Reward: -3.273 Cost: 1.000 ShieldInt: 14 ShieldDist: 4.398
arrive destination: False ,out of road:True   Total T: 11306 Episode Num: 43 Episode T: 27 Reward: -5.158 Cost: 1.000 ShieldInt: 2 ShieldDist: 0.656
arrive destination: False ,out of road:True   Total T: 11339 Episode Num: 44 Episode T: 33 Reward: -1.359 Cost: 1.000 ShieldInt: 4 ShieldDist: 1.352
arrive destination: False ,out of road:True   Total T: 11385 Episode Num: 45 Episode T: 46 Reward: 7.026 Cost: 1.000 ShieldInt: 0 ShieldDist: 0.000
arrive destination: False ,out of road:True   Total T: 11404 Episode Num: 46 Episode T: 19 Reward: -4.463 Cost: 1.000 ShieldInt: 0 ShieldDist: 0.000
arrive destination: False ,out of road:True   Total T: 11461 Episode Num: 47 Episode T: 57 Reward: 22.203 Cost: 1.000 ShieldInt: 0 ShieldDist: 0.000
arrive destination: False ,out of road:True   Total T: 11496 Episode Num: 48 Episode T: 35 Reward: 0.559 Cost: 1.000 ShieldInt: 1 ShieldDist: 0.250
arrive destination: False ,out of road:True   Total T: 11540 Episode Num: 49 Episode T: 44 Reward: 10.724 Cost: 1.000 ShieldInt: 0 ShieldDist: 0.000
arrive destination: False ,out of road:True   Total T: 11579 Episode Num: 50 Episode T: 39 Reward: 1.943 Cost: 1.000 ShieldInt: 5 ShieldDist: 1.602
arrive destination: False ,out of road:True   Total T: 11630 Episode Num: 51 Episode T: 51 Reward: 17.068 Cost: 1.000 ShieldInt: 0 ShieldDist: 0.000
arrive destination: False ,out of road:True   Total T: 11669 Episode Num: 52 Episode T: 39 Reward: 6.283 Cost: 1.000 ShieldInt: 0 ShieldDist: 0.000
arrive destination: False ,out of road:True   Total T: 11801 Episode Num: 53 Episode T: 132 Reward: 76.611 Cost: 4.000 ShieldInt: 4 ShieldDist: 4.482
arrive destination: False ,out of road:True   Total T: 11839 Episode Num: 54 Episode T: 38 Reward: 6.183 Cost: 1.000 ShieldInt: 0 ShieldDist: 0.000
arrive destination: False ,out of road:True   Total T: 11954 Episode Num: 55 Episode T: 115 Reward: 97.873 Cost: 1.000 ShieldInt: 6 ShieldDist: 2.362
arrive destination: False ,out of road:True   Total T: 12047 Episode Num: 56 Episode T: 93 Reward: 59.433 Cost: 1.000 ShieldInt: 8 ShieldDist: 3.380
arrive destination: False ,out of road:True   Total T: 12102 Episode Num: 57 Episode T: 55 Reward: 13.234 Cost: 1.000 ShieldInt: 12 ShieldDist: 5.071
arrive destination: False ,out of road:True   Total T: 12209 Episode Num: 58 Episode T: 107 Reward: 44.339 Cost: 1.000 ShieldInt: 43 ShieldDist: 18.677
arrive destination: False ,out of road:True   Total T: 12253 Episode Num: 59 Episode T: 44 Reward: 3.122 Cost: 1.000 ShieldInt: 21 ShieldDist: 8.543
arrive destination: False ,out of road:True   Total T: 12341 Episode Num: 60 Episode T: 88 Reward: 32.779 Cost: 1.000 ShieldInt: 32 ShieldDist: 13.622
arrive destination: False ,out of road:True   Total T: 12400 Episode Num: 61 Episode T: 59 Reward: 16.728 Cost: 1.000 ShieldInt: 16 ShieldDist: 6.822
arrive destination: False ,out of road:True   Total T: 12468 Episode Num: 62 Episode T: 68 Reward: 16.247 Cost: 1.000 ShieldInt: 36 ShieldDist: 15.165
arrive destination: False ,out of road:True   Total T: 12656 Episode Num: 63 Episode T: 188 Reward: 140.716 Cost: 1.000 ShieldInt: 60 ShieldDist: 25.583
arrive destination: False ,out of road:True   Total T: 12704 Episode Num: 64 Episode T: 48 Reward: 4.999 Cost: 1.000 ShieldInt: 24 ShieldDist: 10.245
arrive destination: False ,out of road:True   Total T: 12880 Episode Num: 65 Episode T: 176 Reward: 83.419 Cost: 1.000 ShieldInt: 79 ShieldDist: 32.835
arrive destination: False ,out of road:True   Total T: 13169 Episode Num: 66 Episode T: 289 Reward: 165.192 Cost: 1.000 ShieldInt: 127 ShieldDist: 51.572
arrive destination: False ,out of road:True   Total T: 13234 Episode Num: 67 Episode T: 65 Reward: 12.200 Cost: 1.000 ShieldInt: 27 ShieldDist: 11.327
arrive destination: False ,out of road:True   Total T: 13311 Episode Num: 68 Episode T: 77 Reward: 18.684 Cost: 1.000 ShieldInt: 32 ShieldDist: 13.644
arrive destination: False ,out of road:True   Total T: 13402 Episode Num: 69 Episode T: 91 Reward: 21.099 Cost: 1.000 ShieldInt: 52 ShieldDist: 22.139
arrive destination: True ,out of road:False   Total T: 14019 Episode Num: 70 Episode T: 617 Reward: 353.227 Cost: 0.000 ShieldInt: 372 ShieldDist: 155.713
arrive destination: True ,out of road:False   Total T: 14511 Episode Num: 71 Episode T: 492 Reward: 274.865 Cost: 0.000 ShieldInt: 291 ShieldDist: 122.612
arrive destination: False ,out of road:True   Total T: 14635 Episode Num: 72 Episode T: 124 Reward: 49.761 Cost: 1.000 ShieldInt: 71 ShieldDist: 29.488
arrive destination: False ,out of road:True   Total T: 14880 Episode Num: 73 Episode T: 245 Reward: 105.304 Cost: 5.000 ShieldInt: 151 ShieldDist: 64.753
arrive destination: True ,out of road:False   Total T: 15320 Episode Num: 74 Episode T: 440 Reward: 269.076 Cost: 0.000 ShieldInt: 218 ShieldDist: 92.101
arrive destination: False ,out of road:True   Total T: 15899 Episode Num: 75 Episode T: 579 Reward: 262.375 Cost: 1.000 ShieldInt: 338 ShieldDist: 141.646
arrive destination: False ,out of road:True   Total T: 16113 Episode Num: 76 Episode T: 214 Reward: 120.268 Cost: 1.000 ShieldInt: 98 ShieldDist: 41.607
arrive destination: False ,out of road:True   Total T: 16551 Episode Num: 77 Episode T: 438 Reward: 264.802 Cost: 1.000 ShieldInt: 182 ShieldDist: 75.185
arrive destination: True ,out of road:False   Total T: 17094 Episode Num: 78 Episode T: 543 Reward: 336.518 Cost: 31.000 ShieldInt: 196 ShieldDist: 100.407
arrive destination: True ,out of road:False   Total T: 17471 Episode Num: 79 Episode T: 377 Reward: 266.837 Cost: 8.000 ShieldInt: 141 ShieldDist: 75.004
arrive destination: True ,out of road:False   Total T: 17818 Episode Num: 80 Episode T: 347 Reward: 266.607 Cost: 14.000 ShieldInt: 107 ShieldDist: 83.245
arrive destination: False ,out of road:True   Total T: 17966 Episode Num: 81 Episode T: 148 Reward: 131.117 Cost: 1.000 ShieldInt: 45 ShieldDist: 19.356
arrive destination: False ,out of road:True   Total T: 18129 Episode Num: 82 Episode T: 163 Reward: 124.078 Cost: 4.000 ShieldInt: 27 ShieldDist: 12.397
arrive destination: False ,out of road:True   Total T: 18263 Episode Num: 83 Episode T: 134 Reward: 129.751 Cost: 3.000 ShieldInt: 28 ShieldDist: 11.899
arrive destination: False ,out of road:True   Total T: 18344 Episode Num: 84 Episode T: 81 Reward: 50.432 Cost: 1.000 ShieldInt: 23 ShieldDist: 9.902
arrive destination: False ,out of road:True   Total T: 18438 Episode Num: 85 Episode T: 94 Reward: 61.194 Cost: 1.000 ShieldInt: 32 ShieldDist: 12.799
arrive destination: False ,out of road:True   Total T: 18529 Episode Num: 86 Episode T: 91 Reward: 60.004 Cost: 1.000 ShieldInt: 28 ShieldDist: 11.794
arrive destination: False ,out of road:True   Total T: 18726 Episode Num: 87 Episode T: 197 Reward: 136.847 Cost: 5.000 ShieldInt: 46 ShieldDist: 30.492
arrive destination: False ,out of road:True   Total T: 18855 Episode Num: 88 Episode T: 129 Reward: 117.031 Cost: 1.000 ShieldInt: 36 ShieldDist: 14.855
arrive destination: False ,out of road:True   Total T: 19092 Episode Num: 89 Episode T: 237 Reward: 236.712 Cost: 8.000 ShieldInt: 90 ShieldDist: 41.913
arrive destination: False ,out of road:True   Total T: 19201 Episode Num: 90 Episode T: 109 Reward: 77.131 Cost: 6.000 ShieldInt: 32 ShieldDist: 16.339
arrive destination: False ,out of road:True   Total T: 19288 Episode Num: 91 Episode T: 87 Reward: 58.398 Cost: 1.000 ShieldInt: 23 ShieldDist: 10.137
arrive destination: True ,out of road:False   Total T: 19549 Episode Num: 92 Episode T: 261 Reward: 234.448 Cost: 4.000 ShieldInt: 77 ShieldDist: 42.325
arrive destination: False ,out of road:True   Total T: 19745 Episode Num: 93 Episode T: 196 Reward: 234.977 Cost: 1.000 ShieldInt: 62 ShieldDist: 26.090
arrive destination: False ,out of road:True   Total T: 19827 Episode Num: 94 Episode T: 82 Reward: 50.684 Cost: 1.000 ShieldInt: 24 ShieldDist: 10.045
---------------------------------------
Evaluation over 20 episodes: 0.150 Cost 5.650.             SafeRL used : use_qpsl
---------------------------------------
[34;1m
Time: 2026-07-02 07:13:09, Time spent from previous logger: 152.668 s[0m
[34;1mCustomLogger with fileds: ['total_steps', 'EpRet', 'EpCost', 'CostRate'][0m
[34;1mfieldvalues: [20000, 0.15, 5.65, 0.008850442522126106]
[0m
arrive destination: False ,out of road:True   Total T: 20182 Episode Num: 95 Episode T: 355 Reward: 300.004 Cost: 24.000 ShieldInt: 38 ShieldDist: 23.794
arrive destination: False ,out of road:True   Total T: 20436 Episode Num: 96 Episode T: 254 Reward: 254.260 Cost: 17.000 ShieldInt: 56 ShieldDist: 40.008
arrive destination: True ,out of road:False   Total T: 20703 Episode Num: 97 Episode T: 267 Reward: 285.687 Cost: 3.000 ShieldInt: 35 ShieldDist: 29.955
arrive destination: False ,out of road:True   Total T: 20819 Episode Num: 98 Episode T: 116 Reward: 91.858 Cost: 1.000 ShieldInt: 43 ShieldDist: 17.809
arrive destination: False ,out of road:True   Total T: 20956 Episode Num: 99 Episode T: 137 Reward: 95.945 Cost: 5.000 ShieldInt: 41 ShieldDist: 18.586
arrive destination: False ,out of road:True   Total T: 21089 Episode Num: 100 Episode T: 133 Reward: 133.743 Cost: 1.000 ShieldInt: 37 ShieldDist: 15.709
arrive destination: False ,out of road:True   Total T: 21174 Episode Num: 101 Episode T: 85 Reward: 59.132 Cost: 1.000 ShieldInt: 28 ShieldDist: 12.090
arrive destination: True ,out of road:False   Total T: 21452 Episode Num: 102 Episode T: 278 Reward: 295.305 Cost: 7.000 ShieldInt: 45 ShieldDist: 23.627
arrive destination: False ,out of road:True   Total T: 21536 Episode Num: 103 Episode T: 84 Reward: 61.815 Cost: 1.000 ShieldInt: 19 ShieldDist: 7.635
arrive destination: False ,out of road:True   Total T: 21621 Episode Num: 104 Episode T: 85 Reward: 65.454 Cost: 1.000 ShieldInt: 21 ShieldDist: 9.070
arrive destination: False ,out of road:True   Total T: 22063 Episode Num: 105 Episode T: 442 Reward: 52.520 Cost: 1.000 ShieldInt: 20 ShieldDist: 8.355
arrive destination: False ,out of road:True   Total T: 22145 Episode Num: 106 Episode T: 82 Reward: 59.668 Cost: 1.000 ShieldInt: 17 ShieldDist: 6.905
arrive destination: False ,out of road:True   Total T: 23072 Episode Num: 107 Episode T: 927 Reward: 125.646 Cost: 2.000 ShieldInt: 18 ShieldDist: 7.575
arrive destination: False ,out of road:False   Total T: 24072 Episode Num: 108 Episode T: 1000 Reward: 277.373 Cost: 4.000 ShieldInt: 71 ShieldDist: 31.948
arrive destination: True ,out of road:False   Total T: 24552 Episode Num: 109 Episode T: 480 Reward: 470.927 Cost: 10.000 ShieldInt: 125 ShieldDist: 74.705
arrive destination: False ,out of road:True   Total T: 24980 Episode Num: 110 Episode T: 428 Reward: 314.818 Cost: 4.000 ShieldInt: 131 ShieldDist: 55.233
arrive destination: False ,out of road:True   Total T: 25061 Episode Num: 111 Episode T: 81 Reward: 60.548 Cost: 1.000 ShieldInt: 17 ShieldDist: 7.009
arrive destination: False ,out of road:True   Total T: 25313 Episode Num: 112 Episode T: 252 Reward: 157.997 Cost: 1.000 ShieldInt: 69 ShieldDist: 28.650
arrive destination: False ,out of road:True   Total T: 25393 Episode Num: 113 Episode T: 80 Reward: 56.036 Cost: 1.000 ShieldInt: 10 ShieldDist: 4.075
arrive destination: True ,out of road:False   Total T: 25666 Episode Num: 114 Episode T: 273 Reward: 290.506 Cost: 7.000 ShieldInt: 46 ShieldDist: 21.547
arrive destination: False ,out of road:True   Total T: 25793 Episode Num: 115 Episode T: 127 Reward: 131.086 Cost: 1.000 ShieldInt: 35 ShieldDist: 14.783
arrive destination: True ,out of road:False   Total T: 26103 Episode Num: 116 Episode T: 310 Reward: 289.161 Cost: 4.000 ShieldInt: 51 ShieldDist: 20.553
arrive destination: True ,out of road:False   Total T: 26395 Episode Num: 117 Episode T: 292 Reward: 295.804 Cost: 13.000 ShieldInt: 55 ShieldDist: 32.835
arrive destination: True ,out of road:False   Total T: 26648 Episode Num: 118 Episode T: 253 Reward: 295.492 Cost: 13.000 ShieldInt: 43 ShieldDist: 23.198
arrive destination: True ,out of road:False   Total T: 27181 Episode Num: 119 Episode T: 533 Reward: 409.367 Cost: 15.000 ShieldInt: 140 ShieldDist: 79.738
arrive destination: True ,out of road:False   Total T: 27499 Episode Num: 120 Episode T: 318 Reward: 263.834 Cost: 7.000 ShieldInt: 40 ShieldDist: 22.694
arrive destination: False ,out of road:True   Total T: 28039 Episode Num: 121 Episode T: 540 Reward: 414.987 Cost: 12.000 ShieldInt: 93 ShieldDist: 48.551
arrive destination: True ,out of road:False   Total T: 28448 Episode Num: 122 Episode T: 409 Reward: 358.831 Cost: 6.000 ShieldInt: 112 ShieldDist: 73.811
arrive destination: False ,out of road:False   Total T: 29448 Episode Num: 123 Episode T: 1000 Reward: 119.159 Cost: 23.000 ShieldInt: 884 ShieldDist: 1692.565
arrive destination: True ,out of road:False   Total T: 29844 Episode Num: 124 Episode T: 396 Reward: 354.619 Cost: 9.000 ShieldInt: 94 ShieldDist: 65.865
---------------------------------------
Evaluation over 20 episodes: 0.450 Cost 14.600.             SafeRL used : use_qpsl
---------------------------------------
[34;1m
Time: 2026-07-02 07:16:07, Time spent from previous logger: 177.961 s[0m
[34;1mCustomLogger with fileds: ['total_steps', 'EpRet', 'EpCost', 'CostRate'][0m
[34;1mfieldvalues: [30000, 0.45, 14.6, 0.012233741124704156]
[0m
arrive destination: True ,out of road:False   Total T: 30257 Episode Num: 125 Episode T: 413 Reward: 419.293 Cost: 11.000 ShieldInt: 43 ShieldDist: 27.661
arrive destination: True ,out of road:False   Total T: 30540 Episode Num: 126 Episode T: 283 Reward: 295.708 Cost: 4.000 ShieldInt: 24 ShieldDist: 13.984
arrive destination: True ,out of road:False   Total T: 30798 Episode Num: 127 Episode T: 258 Reward: 273.140 Cost: 10.000 ShieldInt: 32 ShieldDist: 16.320
arrive destination: True ,out of road:False   Total T: 31190 Episode Num: 128 Episode T: 392 Reward: 357.385 Cost: 3.000 ShieldInt: 101 ShieldDist: 54.590
arrive destination: True ,out of road:False   Total T: 31690 Episode Num: 129 Episode T: 500 Reward: 472.286 Cost: 7.000 ShieldInt: 106 ShieldDist: 63.080
arrive destination: False ,out of road:True   Total T: 32174 Episode Num: 130 Episode T: 484 Reward: 396.212 Cost: 25.000 ShieldInt: 116 ShieldDist: 68.013
arrive destination: True ,out of road:False   Total T: 32421 Episode Num: 131 Episode T: 247 Reward: 275.494 Cost: 4.000 ShieldInt: 23 ShieldDist: 12.105
arrive destination: True ,out of road:False   Total T: 32895 Episode Num: 132 Episode T: 474 Reward: 398.225 Cost: 18.000 ShieldInt: 104 ShieldDist: 76.460
arrive destination: True ,out of road:False   Total T: 33210 Episode Num: 133 Episode T: 315 Reward: 267.344 Cost: 12.000 ShieldInt: 48 ShieldDist: 27.926
arrive destination: True ,out of road:False   Total T: 33518 Episode Num: 134 Episode T: 308 Reward: 294.146 Cost: 15.000 ShieldInt: 76 ShieldDist: 68.074
arrive destination: True ,out of road:False   Total T: 34103 Episode Num: 135 Episode T: 585 Reward: 416.852 Cost: 46.000 ShieldInt: 181 ShieldDist: 140.002
arrive destination: True ,out of road:False   Total T: 34588 Episode Num: 136 Episode T: 485 Reward: 471.761 Cost: 9.000 ShieldInt: 111 ShieldDist: 54.786
arrive destination: False ,out of road:False   Total T: 35588 Episode Num: 137 Episode T: 1000 Reward: 271.095 Cost: 28.000 ShieldInt: 757 ShieldDist: 1262.538
arrive destination: True ,out of road:False   Total T: 36089 Episode Num: 138 Episode T: 501 Reward: 471.310 Cost: 13.000 ShieldInt: 115 ShieldDist: 63.883
arrive destination: True ,out of road:False   Total T: 36575 Episode Num: 139 Episode T: 486 Reward: 368.761 Cost: 24.000 ShieldInt: 139 ShieldDist: 105.394
arrive destination: True ,out of road:False   Total T: 37259 Episode Num: 140 Episode T: 684 Reward: 407.966 Cost: 47.000 ShieldInt: 256 ShieldDist: 345.076
arrive destination: True ,out of road:False   Total T: 37542 Episode Num: 141 Episode T: 283 Reward: 295.914 Cost: 11.000 ShieldInt: 30 ShieldDist: 17.615
arrive destination: True ,out of road:False   Total T: 38410 Episode Num: 142 Episode T: 868 Reward: 512.333 Cost: 21.000 ShieldInt: 308 ShieldDist: 311.966
arrive destination: True ,out of road:False   Total T: 38653 Episode Num: 143 Episode T: 243 Reward: 276.099 Cost: 0.000 ShieldInt: 50 ShieldDist: 20.554
arrive destination: False ,out of road:True   Total T: 38793 Episode Num: 144 Episode T: 140 Reward: 134.889 Cost: 4.000 ShieldInt: 34 ShieldDist: 13.995
arrive destination: True ,out of road:False   Total T: 39283 Episode Num: 145 Episode T: 490 Reward: 368.408 Cost: 11.000 ShieldInt: 100 ShieldDist: 58.407
arrive destination: True ,out of road:False   Total T: 39603 Episode Num: 146 Episode T: 320 Reward: 266.642 Cost: 6.000 ShieldInt: 65 ShieldDist: 43.727
arrive destination: True ,out of road:False   Total T: 39862 Episode Num: 147 Episode T: 259 Reward: 295.428 Cost: 11.000 ShieldInt: 16 ShieldDist: 14.992
arrive destination: False ,out of road:True   Total T: 39953 Episode Num: 148 Episode T: 91 Reward: 65.405 Cost: 1.000 ShieldInt: 24 ShieldDist: 10.277
---------------------------------------
Evaluation over 20 episodes: 0.500 Cost 14.950.             SafeRL used : use_qpsl
---------------------------------------
[34;1m
Time: 2026-07-02 07:19:03, Time spent from previous logger: 176.137 s[0m
[34;1mCustomLogger with fileds: ['total_steps', 'EpRet', 'EpCost', 'CostRate'][0m
[34;1mfieldvalues: [40000, 0.5, 14.95, 0.017550438760969025]
[0m
arrive destination: False ,out of road:False   Total T: 40953 Episode Num: 149 Episode T: 1000 Reward: 268.499 Cost: 10.000 ShieldInt: 674 ShieldDist: 1163.648
arrive destination: False ,out of road:True   Total T: 41081 Episode Num: 150 Episode T: 128 Reward: 133.831 Cost: 3.000 ShieldInt: 23 ShieldDist: 9.502
arrive destination: True ,out of road:False   Total T: 41378 Episode Num: 151 Episode T: 297 Reward: 296.024 Cost: 6.000 ShieldInt: 26 ShieldDist: 20.887
arrive destination: True ,out of road:False   Total T: 41658 Episode Num: 152 Episode T: 280 Reward: 272.842 Cost: 8.000 ShieldInt: 76 ShieldDist: 43.419
arrive destination: True ,out of road:False   Total T: 42209 Episode Num: 153 Episode T: 551 Reward: 335.932 Cost: 18.000 ShieldInt: 110 ShieldDist: 89.521
arrive destination: False ,out of road:True   Total T: 42495 Episode Num: 154 Episode T: 286 Reward: 239.178 Cost: 7.000 ShieldInt: 60 ShieldDist: 29.177
arrive destination: True ,out of road:False   Total T: 42880 Episode Num: 155 Episode T: 385 Reward: 266.985 Cost: 11.000 ShieldInt: 91 ShieldDist: 65.634
arrive destination: False ,out of road:True   Total T: 43131 Episode Num: 156 Episode T: 251 Reward: 236.902 Cost: 11.000 ShieldInt: 67 ShieldDist: 48.538
arrive destination: True ,out of road:False   Total T: 43408 Episode Num: 157 Episode T: 277 Reward: 289.196 Cost: 5.000 ShieldInt: 49 ShieldDist: 21.860
arrive destination: True ,out of road:False   Total T: 44275 Episode Num: 158 Episode T: 867 Reward: 407.295 Cost: 27.000 ShieldInt: 392 ShieldDist: 600.396
arrive destination: False ,out of road:False   Total T: 45275 Episode Num: 159 Episode T: 1000 Reward: 267.684 Cost: 15.000 ShieldInt: 758 ShieldDist: 1108.321
arrive destination: True ,out of road:False   Total T: 45557 Episode Num: 160 Episode T: 282 Reward: 295.905 Cost: 3.000 ShieldInt: 33 ShieldDist: 19.284
arrive destination: True ,out of road:False   Total T: 46165 Episode Num: 161 Episode T: 608 Reward: 406.002 Cost: 16.000 ShieldInt: 200 ShieldDist: 192.372
arrive destination: True ,out of road:False   Total T: 46673 Episode Num: 162 Episode T: 508 Reward: 467.773 Cost: 13.000 ShieldInt: 108 ShieldDist: 67.808
arrive destination: True ,out of road:False   Total T: 46962 Episode Num: 163 Episode T: 289 Reward: 296.045 Cost: 4.000 ShieldInt: 36 ShieldDist: 18.263
arrive destination: True ,out of road:False   Total T: 47153 Episode Num: 164 Episode T: 191 Reward: 269.472 Cost: 7.000 ShieldInt: 9 ShieldDist: 4.896
arrive destination: True ,out of road:False   Total T: 47622 Episode Num: 165 Episode T: 469 Reward: 399.719 Cost: 10.000 ShieldInt: 99 ShieldDist: 57.562
arrive destination: False ,out of road:True   Total T: 47888 Episode Num: 166 Episode T: 266 Reward: 185.319 Cost: 8.000 ShieldInt: 42 ShieldDist: 21.394
arrive destination: False ,out of road:True   Total T: 47988 Episode Num: 167 Episode T: 100 Reward: 60.915 Cost: 6.000 ShieldInt: 10 ShieldDist: 4.311
arrive destination: True ,out of road:False   Total T: 48291 Episode Num: 168 Episode T: 303 Reward: 287.774 Cost: 1.000 ShieldInt: 46 ShieldDist: 21.229
arrive destination: True ,out of road:False   Total T: 48537 Episode Num: 169 Episode T: 246 Reward: 276.108 Cost: 0.000 ShieldInt: 47 ShieldDist: 18.557
arrive destination: True ,out of road:False   Total T: 49262 Episode Num: 170 Episode T: 725 Reward: 510.879 Cost: 34.000 ShieldInt: 176 ShieldDist: 163.895
arrive destination: True ,out of road:False   Total T: 49729 Episode Num: 171 Episode T: 467 Reward: 377.215 Cost: 28.000 ShieldInt: 91 ShieldDist: 70.400
---------------------------------------
Evaluation over 20 episodes: 0.700 Cost 10.000.             SafeRL used : use_qpsl
---------------------------------------
[34;1m
Time: 2026-07-02 07:21:57, Time spent from previous logger: 173.490 s[0m
[34;1mCustomLogger with fileds: ['total_steps', 'EpRet', 'EpCost', 'CostRate'][0m
[34;1mfieldvalues: [50000, 0.7, 10.0, 0.019220384407688154]
[0m
arrive destination: True ,out of road:False   Total T: 50279 Episode Num: 172 Episode T: 550 Reward: 452.305 Cost: 16.000 ShieldInt: 51 ShieldDist: 36.751
arrive destination: True ,out of road:False   Total T: 50646 Episode Num: 173 Episode T: 367 Reward: 294.526 Cost: 18.000 ShieldInt: 71 ShieldDist: 56.605
arrive destination: False ,out of road:True   Total T: 50771 Episode Num: 174 Episode T: 125 Reward: 131.675 Cost: 1.000 ShieldInt: 28 ShieldDist: 11.169
arrive destination: True ,out of road:False   Total T: 51232 Episode Num: 175 Episode T: 461 Reward: 398.779 Cost: 5.000 ShieldInt: 79 ShieldDist: 47.203
arrive destination: True ,out of road:False   Total T: 52093 Episode Num: 176 Episode T: 861 Reward: 417.128 Cost: 35.000 ShieldInt: 348 ShieldDist: 437.217
arrive destination: True ,out of road:False   Total T: 52501 Episode Num: 177 Episode T: 408 Reward: 398.215 Cost: 1.000 ShieldInt: 87 ShieldDist: 43.937
arrive destination: False ,out of road:False   Total T: 53501 Episode Num: 178 Episode T: 1000 Reward: 220.647 Cost: 8.000 ShieldInt: 52 ShieldDist: 34.751
arrive destination: True ,out of road:False   Total T: 54079 Episode Num: 179 Episode T: 578 Reward: 368.991 Cost: 16.000 ShieldInt: 127 ShieldDist: 98.455
arrive destination: True ,out of road:False   Total T: 54272 Episode Num: 180 Episode T: 193 Reward: 270.038 Cost: 7.000 ShieldInt: 12 ShieldDist: 10.476
arrive destination: True ,out of road:False   Total T: 54806 Episode Num: 181 Episode T: 534 Reward: 468.458 Cost: 4.000 ShieldInt: 83 ShieldDist: 45.684
arrive destination: False ,out of road:False   Total T: 55806 Episode Num: 182 Episode T: 1000 Reward: 365.521 Cost: 13.000 ShieldInt: 103 ShieldDist: 81.226
arrive destination: False ,out of road:True   Total T: 56484 Episode Num: 183 Episode T: 678 Reward: 252.220 Cost: 11.000 ShieldInt: 58 ShieldDist: 25.841
arrive destination: False ,out of road:True   Total T: 57442 Episode Num: 184 Episode T: 958 Reward: 377.662 Cost: 2.000 ShieldInt: 75 ShieldDist: 30.721
arrive destination: False ,out of road:True   Total T: 58300 Episode Num: 185 Episode T: 858 Reward: 247.543 Cost: 6.000 ShieldInt: 31 ShieldDist: 17.085
arrive destination: False ,out of road:True   Total T: 59291 Episode Num: 186 Episode T: 991 Reward: 384.998 Cost: 11.000 ShieldInt: 97 ShieldDist: 55.839
arrive destination: False ,out of road:True   Total T: 59902 Episode Num: 187 Episode T: 611 Reward: 260.938 Cost: 3.000 ShieldInt: 40 ShieldDist: 19.437
---------------------------------------
Evaluation over 20 episodes: 0.300 Cost 11.950.             SafeRL used : use_qpsl
---------------------------------------
[34;1m
Time: 2026-07-02 07:25:04, Time spent from previous logger: 186.649 s[0m
[34;1mCustomLogger with fileds: ['total_steps', 'EpRet', 'EpCost', 'CostRate'][0m
[34;1mfieldvalues: [60000, 0.3, 11.95, 0.01850030833847231]
[0m
arrive destination: False ,out of road:False   Total T: 60902 Episode Num: 188 Episode T: 1000 Reward: 306.167 Cost: 11.000 ShieldInt: 308 ShieldDist: 460.413
arrive destination: False ,out of road:False   Total T: 61902 Episode Num: 189 Episode T: 1000 Reward: 312.731 Cost: 13.000 ShieldInt: 255 ShieldDist: 67.860
arrive destination: True ,out of road:False   Total T: 62378 Episode Num: 190 Episode T: 476 Reward: 377.307 Cost: 11.000 ShieldInt: 98 ShieldDist: 70.880
arrive destination: False ,out of road:True   Total T: 62482 Episode Num: 191 Episode T: 104 Reward: 76.599 Cost: 7.000 ShieldInt: 15 ShieldDist: 15.228
arrive destination: True ,out of road:False   Total T: 62902 Episode Num: 192 Episode T: 420 Reward: 265.822 Cost: 18.000 ShieldInt: 63 ShieldDist: 76.235
arrive destination: True ,out of road:False   Total T: 63368 Episode Num: 193 Episode T: 466 Reward: 378.734 Cost: 12.000 ShieldInt: 90 ShieldDist: 66.851
arrive destination: True ,out of road:False   Total T: 63870 Episode Num: 194 Episode T: 502 Reward: 277.514 Cost: 4.000 ShieldInt: 70 ShieldDist: 39.570
arrive destination: True ,out of road:False   Total T: 64358 Episode Num: 195 Episode T: 488 Reward: 397.974 Cost: 13.000 ShieldInt: 75 ShieldDist: 53.300
arrive destination: False ,out of road:True   Total T: 65210 Episode Num: 196 Episode T: 852 Reward: 343.867 Cost: 12.000 ShieldInt: 120 ShieldDist: 136.141
arrive destination: True ,out of road:False   Total T: 65686 Episode Num: 197 Episode T: 476 Reward: 357.259 Cost: 28.000 ShieldInt: 143 ShieldDist: 184.881
arrive destination: False ,out of road:False   Total T: 66686 Episode Num: 198 Episode T: 1000 Reward: 478.777 Cost: 16.000 ShieldInt: 216 ShieldDist: 166.483
arrive destination: True ,out of road:False   Total T: 66956 Episode Num: 199 Episode T: 270 Reward: 274.813 Cost: 0.000 ShieldInt: 32 ShieldDist: 12.260
arrive destination: False ,out of road:False   Total T: 67956 Episode Num: 200 Episode T: 1000 Reward: 126.014 Cost: 7.000 ShieldInt: 755 ShieldDist: 1443.451
arrive destination: True ,out of road:False   Total T: 68221 Episode Num: 201 Episode T: 265 Reward: 234.909 Cost: 8.000 ShieldInt: 55 ShieldDist: 28.500
arrive destination: False ,out of road:False   Total T: 69221 Episode Num: 202 Episode T: 1000 Reward: 218.468 Cost: 4.000 ShieldInt: 226 ShieldDist: 200.568
arrive destination: True ,out of road:False   Total T: 69734 Episode Num: 203 Episode T: 513 Reward: 369.626 Cost: 6.000 ShieldInt: 100 ShieldDist: 55.782
---------------------------------------
Evaluation over 20 episodes: 0.600 Cost 12.200.             SafeRL used : use_qpsl
---------------------------------------
[34;1m
Time: 2026-07-02 07:28:06, Time spent from previous logger: 182.747 s[0m
[34;1mCustomLogger with fileds: ['total_steps', 'EpRet', 'EpCost', 'CostRate'][0m
[34;1mfieldvalues: [70000, 0.6, 12.2, 0.018400262860898013]
[0m
arrive destination: True ,out of road:False   Total T: 70440 Episode Num: 204 Episode T: 706 Reward: 468.828 Cost: 9.000 ShieldInt: 51 ShieldDist: 31.268
arrive destination: True ,out of road:False   Total T: 70883 Episode Num: 205 Episode T: 443 Reward: 399.297 Cost: 5.000 ShieldInt: 63 ShieldDist: 26.732
arrive destination: True ,out of road:False   Total T: 71398 Episode Num: 206 Episode T: 515 Reward: 474.855 Cost: 0.000 ShieldInt: 131 ShieldDist: 58.908
arrive destination: True ,out of road:False   Total T: 72029 Episode Num: 207 Episode T: 631 Reward: 286.348 Cost: 10.000 ShieldInt: 26 ShieldDist: 21.877
arrive destination: True ,out of road:False   Total T: 72226 Episode Num: 208 Episode T: 197 Reward: 268.498 Cost: 2.000 ShieldInt: 6 ShieldDist: 4.156
arrive destination: True ,out of road:False   Total T: 72553 Episode Num: 209 Episode T: 327 Reward: 272.856 Cost: 3.000 ShieldInt: 45 ShieldDist: 20.620
arrive destination: True ,out of road:False   Total T: 72884 Episode Num: 210 Episode T: 331 Reward: 266.351 Cost: 9.000 ShieldInt: 52 ShieldDist: 26.613
arrive destination: False ,out of road:False   Total T: 73884 Episode Num: 211 Episode T: 1000 Reward: 116.554 Cost: 5.000 ShieldInt: 793 ShieldDist: 1498.928
arrive destination: False ,out of road:False   Total T: 74884 Episode Num: 212 Episode T: 1000 Reward: 344.747 Cost: 13.000 ShieldInt: 76 ShieldDist: 68.986
arrive destination: False ,out of road:True   Total T: 75332 Episode Num: 213 Episode T: 448 Reward: 359.642 Cost: 5.000 ShieldInt: 77 ShieldDist: 35.370
arrive destination: True ,out of road:False   Total T: 75749 Episode Num: 214 Episode T: 417 Reward: 294.600 Cost: 11.000 ShieldInt: 71 ShieldDist: 34.569
arrive destination: True ,out of road:False   Total T: 75954 Episode Num: 215 Episode T: 205 Reward: 269.430 Cost: 6.000 ShieldInt: 13 ShieldDist: 6.970
arrive destination: False ,out of road:False   Total T: 76954 Episode Num: 216 Episode T: 1000 Reward: 126.288 Cost: 3.000 ShieldInt: 489 ShieldDist: 780.040
arrive destination: True ,out of road:False   Total T: 77175 Episode Num: 217 Episode T: 221 Reward: 248.424 Cost: 0.000 ShieldInt: 20 ShieldDist: 7.578
arrive destination: True ,out of road:False   Total T: 77870 Episode Num: 218 Episode T: 695 Reward: 416.622 Cost: 10.000 ShieldInt: 156 ShieldDist: 97.244
arrive destination: False ,out of road:True   Total T: 77970 Episode Num: 219 Episode T: 100 Reward: 82.694 Cost: 4.000 ShieldInt: 5 ShieldDist: 7.911
arrive destination: True ,out of road:False   Total T: 78244 Episode Num: 220 Episode T: 274 Reward: 269.195 Cost: 16.000 ShieldInt: 24 ShieldDist: 12.546
arrive destination: True ,out of road:False   Total T: 78971 Episode Num: 221 Episode T: 727 Reward: 472.018 Cost: 2.000 ShieldInt: 122 ShieldDist: 68.415
arrive destination: False ,out of road:True   Total T: 79100 Episode Num: 222 Episode T: 129 Reward: 84.046 Cost: 1.000 ShieldInt: 45 ShieldDist: 18.862
arrive destination: True ,out of road:False   Total T: 79288 Episode Num: 223 Episode T: 188 Reward: 269.947 Cost: 1.000 ShieldInt: 6 ShieldDist: 2.457
