Running NociCIM train-shield QPSL: tag=nocicim_qpsl_trainshield_route_preserve_1m_20260702 seed=3 steps=1000000 profile=route_preserve
Successfully registered the following environments: ['MetaDrive-validation-v0', 'MetaDrive-10env-v0', 'MetaDrive-100envs-v0', 'MetaDrive-1000envs-v0', 'SafeMetaDrive-validation-v0', 'SafeMetaDrive-10env-v0', 'SafeMetaDrive-100envs-v0', 'SafeMetaDrive-1000envs-v0', 'MARLTollgate-v0', 'MARLBottleneck-v0', 'MARLRoundabout-v0', 'MARLIntersection-v0', 'MARLParkingLot-v0', 'MARLMetaDrive-v0'].
arrive destination: False ,out of road:False   Total T: 1000 Episode Num: 1 Episode T: 1000 Reward: 10.492 Cost: 0.000 ShieldInt: 5 ShieldDist: 1.084
arrive destination: False ,out of road:False   Total T: 2000 Episode Num: 2 Episode T: 1000 Reward: 11.392 Cost: 0.000 ShieldInt: 5 ShieldDist: 0.997
arrive destination: False ,out of road:False   Total T: 3000 Episode Num: 3 Episode T: 1000 Reward: 10.447 Cost: 0.000 ShieldInt: 7 ShieldDist: 1.295
arrive destination: False ,out of road:False   Total T: 4000 Episode Num: 4 Episode T: 1000 Reward: 11.850 Cost: 0.000 ShieldInt: 5 ShieldDist: 1.041
arrive destination: False ,out of road:False   Total T: 5000 Episode Num: 5 Episode T: 1000 Reward: 13.494 Cost: 0.000 ShieldInt: 5 ShieldDist: 0.857
arrive destination: False ,out of road:False   Total T: 6000 Episode Num: 6 Episode T: 1000 Reward: 10.908 Cost: 0.000 ShieldInt: 5 ShieldDist: 1.063
arrive destination: False ,out of road:False   Total T: 7000 Episode Num: 7 Episode T: 1000 Reward: 11.236 Cost: 0.000 ShieldInt: 8 ShieldDist: 1.644
arrive destination: False ,out of road:True   Total T: 7443 Episode Num: 8 Episode T: 443 Reward: -1.312 Cost: 1.000 ShieldInt: 6 ShieldDist: 1.137
arrive destination: False ,out of road:False   Total T: 8443 Episode Num: 9 Episode T: 1000 Reward: 11.456 Cost: 0.000 ShieldInt: 7 ShieldDist: 1.413
arrive destination: False ,out of road:False   Total T: 9443 Episode Num: 10 Episode T: 1000 Reward: 11.638 Cost: 0.000 ShieldInt: 7 ShieldDist: 1.358
---------------------------------------
Evaluation over 20 episodes: 0.000 Cost 0.000.             SafeRL used : use_qpsl
---------------------------------------
[34;1m
Time: 2026-07-02 07:09:20, Time spent from previous logger: 112.033 s[0m
[34;1mCustomLogger with fileds: ['total_steps', 'EpRet', 'EpCost', 'CostRate'][0m
[34;1mfieldvalues: [10000, 0.0, 0.0, 0.00010001000100010001]
[0m
arrive destination: False ,out of road:True   Total T: 10125 Episode Num: 11 Episode T: 682 Reward: 0.263 Cost: 1.000 ShieldInt: 1 ShieldDist: 0.169
arrive destination: False ,out of road:True   Total T: 10153 Episode Num: 12 Episode T: 28 Reward: -3.502 Cost: 1.000 ShieldInt: 20 ShieldDist: 4.577
arrive destination: False ,out of road:True   Total T: 10181 Episode Num: 13 Episode T: 28 Reward: -3.540 Cost: 1.000 ShieldInt: 21 ShieldDist: 4.611
arrive destination: False ,out of road:True   Total T: 10228 Episode Num: 14 Episode T: 47 Reward: 1.593 Cost: 1.000 ShieldInt: 1 ShieldDist: 0.207
arrive destination: False ,out of road:True   Total T: 10255 Episode Num: 15 Episode T: 27 Reward: -3.536 Cost: 1.000 ShieldInt: 19 ShieldDist: 4.555
arrive destination: False ,out of road:True   Total T: 10283 Episode Num: 16 Episode T: 28 Reward: -3.495 Cost: 1.000 ShieldInt: 20 ShieldDist: 4.385
arrive destination: False ,out of road:True   Total T: 10299 Episode Num: 17 Episode T: 16 Reward: -5.397 Cost: 1.000 ShieldInt: 14 ShieldDist: 3.195
arrive destination: False ,out of road:True   Total T: 10335 Episode Num: 18 Episode T: 36 Reward: -3.441 Cost: 1.000 ShieldInt: 28 ShieldDist: 6.591
arrive destination: False ,out of road:True   Total T: 10362 Episode Num: 19 Episode T: 27 Reward: -3.576 Cost: 1.000 ShieldInt: 19 ShieldDist: 4.373
arrive destination: False ,out of road:True   Total T: 10390 Episode Num: 20 Episode T: 28 Reward: -3.466 Cost: 1.000 ShieldInt: 24 ShieldDist: 5.573
arrive destination: False ,out of road:True   Total T: 10419 Episode Num: 21 Episode T: 29 Reward: -2.801 Cost: 1.000 ShieldInt: 14 ShieldDist: 3.266
arrive destination: False ,out of road:True   Total T: 10449 Episode Num: 22 Episode T: 30 Reward: -1.854 Cost: 1.000 ShieldInt: 0 ShieldDist: 0.000
arrive destination: False ,out of road:True   Total T: 10629 Episode Num: 23 Episode T: 180 Reward: 14.734 Cost: 1.000 ShieldInt: 0 ShieldDist: 0.000
arrive destination: False ,out of road:True   Total T: 10681 Episode Num: 24 Episode T: 52 Reward: 9.667 Cost: 1.000 ShieldInt: 0 ShieldDist: 0.000
arrive destination: False ,out of road:True   Total T: 10736 Episode Num: 25 Episode T: 55 Reward: -0.846 Cost: 1.000 ShieldInt: 0 ShieldDist: 0.000
arrive destination: False ,out of road:True   Total T: 10769 Episode Num: 26 Episode T: 33 Reward: -2.144 Cost: 1.000 ShieldInt: 0 ShieldDist: 0.000
arrive destination: False ,out of road:True   Total T: 10819 Episode Num: 27 Episode T: 50 Reward: 5.539 Cost: 1.000 ShieldInt: 0 ShieldDist: 0.000
arrive destination: False ,out of road:True   Total T: 10846 Episode Num: 28 Episode T: 27 Reward: -2.926 Cost: 1.000 ShieldInt: 0 ShieldDist: 0.000
arrive destination: False ,out of road:True   Total T: 10876 Episode Num: 29 Episode T: 30 Reward: -0.415 Cost: 1.000 ShieldInt: 0 ShieldDist: 0.000
arrive destination: False ,out of road:True   Total T: 10919 Episode Num: 30 Episode T: 43 Reward: 3.464 Cost: 1.000 ShieldInt: 0 ShieldDist: 0.000
arrive destination: False ,out of road:True   Total T: 10976 Episode Num: 31 Episode T: 57 Reward: 4.973 Cost: 1.000 ShieldInt: 0 ShieldDist: 0.000
arrive destination: False ,out of road:True   Total T: 11031 Episode Num: 32 Episode T: 55 Reward: 6.411 Cost: 1.000 ShieldInt: 0 ShieldDist: 0.000
arrive destination: False ,out of road:True   Total T: 11100 Episode Num: 33 Episode T: 69 Reward: 23.456 Cost: 1.000 ShieldInt: 0 ShieldDist: 0.000
arrive destination: False ,out of road:True   Total T: 11141 Episode Num: 34 Episode T: 41 Reward: 4.612 Cost: 1.000 ShieldInt: 0 ShieldDist: 0.000
arrive destination: False ,out of road:True   Total T: 11175 Episode Num: 35 Episode T: 34 Reward: 2.178 Cost: 1.000 ShieldInt: 0 ShieldDist: 0.000
arrive destination: False ,out of road:True   Total T: 11191 Episode Num: 36 Episode T: 16 Reward: -5.170 Cost: 1.000 ShieldInt: 2 ShieldDist: 0.500
arrive destination: False ,out of road:True   Total T: 11218 Episode Num: 37 Episode T: 27 Reward: -2.375 Cost: 1.000 ShieldInt: 10 ShieldDist: 2.059
arrive destination: False ,out of road:True   Total T: 11261 Episode Num: 38 Episode T: 43 Reward: 9.336 Cost: 1.000 ShieldInt: 0 ShieldDist: 0.000
arrive destination: False ,out of road:True   Total T: 11300 Episode Num: 39 Episode T: 39 Reward: 5.987 Cost: 1.000 ShieldInt: 0 ShieldDist: 0.000
arrive destination: False ,out of road:True   Total T: 11337 Episode Num: 40 Episode T: 37 Reward: 4.193 Cost: 1.000 ShieldInt: 0 ShieldDist: 0.000
arrive destination: False ,out of road:True   Total T: 11360 Episode Num: 41 Episode T: 23 Reward: -2.883 Cost: 1.000 ShieldInt: 0 ShieldDist: 0.000
arrive destination: False ,out of road:True   Total T: 11390 Episode Num: 42 Episode T: 30 Reward: 0.179 Cost: 1.000 ShieldInt: 0 ShieldDist: 0.000
arrive destination: False ,out of road:True   Total T: 11423 Episode Num: 43 Episode T: 33 Reward: 0.877 Cost: 1.000 ShieldInt: 0 ShieldDist: 0.000
arrive destination: False ,out of road:True   Total T: 11461 Episode Num: 44 Episode T: 38 Reward: 5.922 Cost: 1.000 ShieldInt: 0 ShieldDist: 0.000
arrive destination: False ,out of road:True   Total T: 11514 Episode Num: 45 Episode T: 53 Reward: 15.071 Cost: 1.000 ShieldInt: 0 ShieldDist: 0.000
arrive destination: False ,out of road:True   Total T: 11572 Episode Num: 46 Episode T: 58 Reward: 22.253 Cost: 1.000 ShieldInt: 0 ShieldDist: 0.000
arrive destination: False ,out of road:True   Total T: 11608 Episode Num: 47 Episode T: 36 Reward: 4.342 Cost: 1.000 ShieldInt: 0 ShieldDist: 0.000
arrive destination: False ,out of road:True   Total T: 11645 Episode Num: 48 Episode T: 37 Reward: 1.267 Cost: 1.000 ShieldInt: 0 ShieldDist: 0.000
arrive destination: False ,out of road:True   Total T: 11692 Episode Num: 49 Episode T: 47 Reward: 6.462 Cost: 1.000 ShieldInt: 0 ShieldDist: 0.000
arrive destination: False ,out of road:True   Total T: 11712 Episode Num: 50 Episode T: 20 Reward: -4.043 Cost: 1.000 ShieldInt: 0 ShieldDist: 0.000
arrive destination: False ,out of road:True   Total T: 11768 Episode Num: 51 Episode T: 56 Reward: -1.916 Cost: 1.000 ShieldInt: 0 ShieldDist: 0.000
arrive destination: False ,out of road:True   Total T: 11941 Episode Num: 52 Episode T: 173 Reward: -0.717 Cost: 1.000 ShieldInt: 0 ShieldDist: 0.000
arrive destination: False ,out of road:True   Total T: 12276 Episode Num: 53 Episode T: 335 Reward: -1.473 Cost: 1.000 ShieldInt: 0 ShieldDist: 0.000
arrive destination: False ,out of road:True   Total T: 13195 Episode Num: 54 Episode T: 919 Reward: 4.966 Cost: 1.000 ShieldInt: 0 ShieldDist: 0.000
arrive destination: False ,out of road:True   Total T: 13261 Episode Num: 55 Episode T: 66 Reward: 6.533 Cost: 1.000 ShieldInt: 0 ShieldDist: 0.000
arrive destination: False ,out of road:True   Total T: 13375 Episode Num: 56 Episode T: 114 Reward: 12.914 Cost: 1.000 ShieldInt: 0 ShieldDist: 0.000
arrive destination: False ,out of road:True   Total T: 13707 Episode Num: 57 Episode T: 332 Reward: 102.363 Cost: 1.000 ShieldInt: 0 ShieldDist: 0.000
arrive destination: False ,out of road:True   Total T: 14123 Episode Num: 58 Episode T: 416 Reward: 246.390 Cost: 2.000 ShieldInt: 0 ShieldDist: 0.000
arrive destination: True ,out of road:False   Total T: 14605 Episode Num: 59 Episode T: 482 Reward: 277.806 Cost: 0.000 ShieldInt: 6 ShieldDist: 1.330
arrive destination: False ,out of road:True   Total T: 14800 Episode Num: 60 Episode T: 195 Reward: 135.463 Cost: 4.000 ShieldInt: 2 ShieldDist: 0.315
arrive destination: True ,out of road:False   Total T: 15177 Episode Num: 61 Episode T: 377 Reward: 294.743 Cost: 7.000 ShieldInt: 4 ShieldDist: 6.222
arrive destination: False ,out of road:False   Total T: 16177 Episode Num: 62 Episode T: 1000 Reward: 167.429 Cost: 13.000 ShieldInt: 11 ShieldDist: 9.491
arrive destination: False ,out of road:True   Total T: 16239 Episode Num: 63 Episode T: 62 Reward: 28.527 Cost: 1.000 ShieldInt: 0 ShieldDist: 0.000
arrive destination: True ,out of road:False   Total T: 16489 Episode Num: 64 Episode T: 250 Reward: 231.932 Cost: 6.000 ShieldInt: 6 ShieldDist: 1.296
arrive destination: False ,out of road:True   Total T: 16549 Episode Num: 65 Episode T: 60 Reward: 28.046 Cost: 1.000 ShieldInt: 1 ShieldDist: 0.229
arrive destination: False ,out of road:True   Total T: 16635 Episode Num: 66 Episode T: 86 Reward: 49.406 Cost: 1.000 ShieldInt: 2 ShieldDist: 0.500
arrive destination: False ,out of road:True   Total T: 16956 Episode Num: 67 Episode T: 321 Reward: 339.678 Cost: 12.000 ShieldInt: 16 ShieldDist: 13.362
arrive destination: False ,out of road:True   Total T: 17097 Episode Num: 68 Episode T: 141 Reward: 122.810 Cost: 6.000 ShieldInt: 13 ShieldDist: 3.061
arrive destination: False ,out of road:True   Total T: 17226 Episode Num: 69 Episode T: 129 Reward: 108.146 Cost: 1.000 ShieldInt: 2 ShieldDist: 0.500
arrive destination: False ,out of road:True   Total T: 17333 Episode Num: 70 Episode T: 107 Reward: 91.107 Cost: 3.000 ShieldInt: 0 ShieldDist: 0.000
arrive destination: True ,out of road:False   Total T: 17823 Episode Num: 71 Episode T: 490 Reward: 399.593 Cost: 76.000 ShieldInt: 11 ShieldDist: 16.510
arrive destination: False ,out of road:True   Total T: 17886 Episode Num: 72 Episode T: 63 Reward: 27.052 Cost: 1.000 ShieldInt: 0 ShieldDist: 0.000
arrive destination: False ,out of road:True   Total T: 17951 Episode Num: 73 Episode T: 65 Reward: 30.742 Cost: 1.000 ShieldInt: 1 ShieldDist: 0.173
arrive destination: False ,out of road:True   Total T: 18300 Episode Num: 74 Episode T: 349 Reward: 237.276 Cost: 22.000 ShieldInt: 23 ShieldDist: 23.689
arrive destination: False ,out of road:True   Total T: 18521 Episode Num: 75 Episode T: 221 Reward: 233.077 Cost: 1.000 ShieldInt: 10 ShieldDist: 2.375
arrive destination: False ,out of road:True   Total T: 18656 Episode Num: 76 Episode T: 135 Reward: 134.419 Cost: 1.000 ShieldInt: 18 ShieldDist: 4.299
arrive destination: True ,out of road:False   Total T: 19061 Episode Num: 77 Episode T: 405 Reward: 385.499 Cost: 23.000 ShieldInt: 5 ShieldDist: 3.477
arrive destination: True ,out of road:False   Total T: 19279 Episode Num: 78 Episode T: 218 Reward: 278.759 Cost: 7.000 ShieldInt: 3 ShieldDist: 2.500
arrive destination: False ,out of road:True   Total T: 19405 Episode Num: 79 Episode T: 126 Reward: 125.022 Cost: 1.000 ShieldInt: 2 ShieldDist: 0.472
arrive destination: False ,out of road:True   Total T: 19547 Episode Num: 80 Episode T: 142 Reward: 137.742 Cost: 5.000 ShieldInt: 2 ShieldDist: 0.446
arrive destination: False ,out of road:True   Total T: 19671 Episode Num: 81 Episode T: 124 Reward: 132.653 Cost: 1.000 ShieldInt: 6 ShieldDist: 1.433
arrive destination: False ,out of road:True   Total T: 19771 Episode Num: 82 Episode T: 100 Reward: 93.435 Cost: 1.000 ShieldInt: 0 ShieldDist: 0.000
arrive destination: False ,out of road:True   Total T: 19886 Episode Num: 83 Episode T: 115 Reward: 96.324 Cost: 4.000 ShieldInt: 1 ShieldDist: 0.221
arrive destination: False ,out of road:True   Total T: 19999 Episode Num: 84 Episode T: 113 Reward: 98.982 Cost: 2.000 ShieldInt: 0 ShieldDist: 0.000
---------------------------------------
Evaluation over 20 episodes: 0.000 Cost 2.050.             SafeRL used : use_qpsl
---------------------------------------
[34;1m
Time: 2026-07-02 07:12:57, Time spent from previous logger: 217.335 s[0m
[34;1mCustomLogger with fileds: ['total_steps', 'EpRet', 'EpCost', 'CostRate'][0m
[34;1mfieldvalues: [20000, 0.0, 2.05, 0.01255062753137657]
[0m
arrive destination: False ,out of road:True   Total T: 20352 Episode Num: 85 Episode T: 353 Reward: 259.211 Cost: 27.000 ShieldInt: 42 ShieldDist: 15.071
arrive destination: False ,out of road:True   Total T: 20439 Episode Num: 86 Episode T: 87 Reward: 54.636 Cost: 1.000 ShieldInt: 1 ShieldDist: 0.250
arrive destination: True ,out of road:False   Total T: 20726 Episode Num: 87 Episode T: 287 Reward: 267.428 Cost: 9.000 ShieldInt: 19 ShieldDist: 7.305
arrive destination: False ,out of road:True   Total T: 20907 Episode Num: 88 Episode T: 181 Reward: 180.964 Cost: 10.000 ShieldInt: 11 ShieldDist: 11.783
arrive destination: True ,out of road:False   Total T: 21179 Episode Num: 89 Episode T: 272 Reward: 266.050 Cost: 11.000 ShieldInt: 32 ShieldDist: 11.826
arrive destination: False ,out of road:True   Total T: 21284 Episode Num: 90 Episode T: 105 Reward: 92.582 Cost: 5.000 ShieldInt: 4 ShieldDist: 2.861
arrive destination: True ,out of road:False   Total T: 21620 Episode Num: 91 Episode T: 336 Reward: 294.776 Cost: 17.000 ShieldInt: 35 ShieldDist: 7.765
arrive destination: False ,out of road:True   Total T: 21742 Episode Num: 92 Episode T: 122 Reward: 99.447 Cost: 8.000 ShieldInt: 0 ShieldDist: 0.000
arrive destination: False ,out of road:True   Total T: 21973 Episode Num: 93 Episode T: 231 Reward: 190.991 Cost: 7.000 ShieldInt: 10 ShieldDist: 2.038
arrive destination: True ,out of road:False   Total T: 22302 Episode Num: 94 Episode T: 329 Reward: 336.316 Cost: 11.000 ShieldInt: 5 ShieldDist: 3.021
arrive destination: True ,out of road:False   Total T: 22772 Episode Num: 95 Episode T: 470 Reward: 375.546 Cost: 41.000 ShieldInt: 61 ShieldDist: 46.076
arrive destination: False ,out of road:True   Total T: 22935 Episode Num: 96 Episode T: 163 Reward: 175.497 Cost: 1.000 ShieldInt: 9 ShieldDist: 2.049
arrive destination: False ,out of road:True   Total T: 23085 Episode Num: 97 Episode T: 150 Reward: 156.785 Cost: 10.000 ShieldInt: 13 ShieldDist: 2.936
arrive destination: False ,out of road:True   Total T: 23201 Episode Num: 98 Episode T: 116 Reward: 121.976 Cost: 4.000 ShieldInt: 2 ShieldDist: 0.500
arrive destination: False ,out of road:True   Total T: 23354 Episode Num: 99 Episode T: 153 Reward: 173.058 Cost: 3.000 ShieldInt: 13 ShieldDist: 2.883
arrive destination: False ,out of road:True   Total T: 23477 Episode Num: 100 Episode T: 123 Reward: 134.867 Cost: 1.000 ShieldInt: 4 ShieldDist: 0.780
arrive destination: True ,out of road:False   Total T: 24048 Episode Num: 101 Episode T: 571 Reward: 498.592 Cost: 46.000 ShieldInt: 37 ShieldDist: 40.924
arrive destination: True ,out of road:False   Total T: 24466 Episode Num: 102 Episode T: 418 Reward: 470.780 Cost: 11.000 ShieldInt: 20 ShieldDist: 4.493
arrive destination: False ,out of road:True   Total T: 24627 Episode Num: 103 Episode T: 161 Reward: 141.564 Cost: 13.000 ShieldInt: 15 ShieldDist: 3.404
arrive destination: True ,out of road:False   Total T: 25098 Episode Num: 104 Episode T: 471 Reward: 401.949 Cost: 25.000 ShieldInt: 18 ShieldDist: 21.302
arrive destination: False ,out of road:True   Total T: 25200 Episode Num: 105 Episode T: 102 Reward: 99.959 Cost: 1.000 ShieldInt: 1 ShieldDist: 0.250
arrive destination: True ,out of road:False   Total T: 25467 Episode Num: 106 Episode T: 267 Reward: 288.297 Cost: 15.000 ShieldInt: 3 ShieldDist: 0.659
arrive destination: True ,out of road:False   Total T: 25960 Episode Num: 107 Episode T: 493 Reward: 383.716 Cost: 34.000 ShieldInt: 21 ShieldDist: 10.025
arrive destination: False ,out of road:True   Total T: 26056 Episode Num: 108 Episode T: 96 Reward: 85.740 Cost: 1.000 ShieldInt: 1 ShieldDist: 0.250
arrive destination: True ,out of road:False   Total T: 26393 Episode Num: 109 Episode T: 337 Reward: 294.436 Cost: 30.000 ShieldInt: 22 ShieldDist: 14.234
arrive destination: False ,out of road:True   Total T: 26601 Episode Num: 110 Episode T: 208 Reward: 204.660 Cost: 4.000 ShieldInt: 14 ShieldDist: 3.172
arrive destination: True ,out of road:False   Total T: 26882 Episode Num: 111 Episode T: 281 Reward: 267.383 Cost: 25.000 ShieldInt: 18 ShieldDist: 13.186
arrive destination: False ,out of road:True   Total T: 26979 Episode Num: 112 Episode T: 97 Reward: 88.479 Cost: 1.000 ShieldInt: 0 ShieldDist: 0.000
arrive destination: False ,out of road:True   Total T: 27394 Episode Num: 113 Episode T: 415 Reward: 295.870 Cost: 32.000 ShieldInt: 27 ShieldDist: 9.732
arrive destination: False ,out of road:True   Total T: 27571 Episode Num: 114 Episode T: 177 Reward: 158.780 Cost: 8.000 ShieldInt: 7 ShieldDist: 1.659
arrive destination: True ,out of road:False   Total T: 28049 Episode Num: 115 Episode T: 478 Reward: 335.754 Cost: 12.000 ShieldInt: 14 ShieldDist: 12.409
arrive destination: False ,out of road:True   Total T: 28153 Episode Num: 116 Episode T: 104 Reward: 82.436 Cost: 3.000 ShieldInt: 7 ShieldDist: 1.559
arrive destination: True ,out of road:False   Total T: 28403 Episode Num: 117 Episode T: 250 Reward: 234.364 Cost: 35.000 ShieldInt: 3 ShieldDist: 2.266
arrive destination: False ,out of road:True   Total T: 28601 Episode Num: 118 Episode T: 198 Reward: 234.030 Cost: 1.000 ShieldInt: 8 ShieldDist: 1.854
arrive destination: False ,out of road:True   Total T: 28723 Episode Num: 119 Episode T: 122 Reward: 133.619 Cost: 1.000 ShieldInt: 2 ShieldDist: 0.411
arrive destination: False ,out of road:True   Total T: 28845 Episode Num: 120 Episode T: 122 Reward: 133.162 Cost: 1.000 ShieldInt: 2 ShieldDist: 0.498
arrive destination: False ,out of road:True   Total T: 28959 Episode Num: 121 Episode T: 114 Reward: 114.437 Cost: 1.000 ShieldInt: 0 ShieldDist: 0.000
arrive destination: False ,out of road:True   Total T: 29088 Episode Num: 122 Episode T: 129 Reward: 134.872 Cost: 2.000 ShieldInt: 10 ShieldDist: 2.222
arrive destination: False ,out of road:True   Total T: 29170 Episode Num: 123 Episode T: 82 Reward: 56.442 Cost: 1.000 ShieldInt: 0 ShieldDist: 0.000
arrive destination: True ,out of road:False   Total T: 29661 Episode Num: 124 Episode T: 491 Reward: 409.795 Cost: 29.000 ShieldInt: 10 ShieldDist: 5.062
---------------------------------------
Evaluation over 20 episodes: 0.500 Cost 13.350.             SafeRL used : use_qpsl
---------------------------------------
[34;1m
Time: 2026-07-02 07:19:11, Time spent from previous logger: 373.842 s[0m
[34;1mCustomLogger with fileds: ['total_steps', 'EpRet', 'EpCost', 'CostRate'][0m
[34;1mfieldvalues: [30000, 0.5, 13.35, 0.025200840028000934]
[0m
arrive destination: False ,out of road:True   Total T: 30354 Episode Num: 125 Episode T: 693 Reward: 523.431 Cost: 26.000 ShieldInt: 0 ShieldDist: 0.000
arrive destination: False ,out of road:True   Total T: 30444 Episode Num: 126 Episode T: 90 Reward: 64.647 Cost: 1.000 ShieldInt: 0 ShieldDist: 0.000
arrive destination: False ,out of road:True   Total T: 30667 Episode Num: 127 Episode T: 223 Reward: 201.382 Cost: 11.000 ShieldInt: 12 ShieldDist: 9.284
arrive destination: False ,out of road:True   Total T: 30869 Episode Num: 128 Episode T: 202 Reward: 234.858 Cost: 1.000 ShieldInt: 2 ShieldDist: 0.440
arrive destination: True ,out of road:False   Total T: 31377 Episode Num: 129 Episode T: 508 Reward: 403.871 Cost: 18.000 ShieldInt: 33 ShieldDist: 26.463
arrive destination: True ,out of road:False   Total T: 31628 Episode Num: 130 Episode T: 251 Reward: 233.786 Cost: 4.000 ShieldInt: 2 ShieldDist: 0.394
arrive destination: True ,out of road:False   Total T: 31810 Episode Num: 131 Episode T: 182 Reward: 269.719 Cost: 2.000 ShieldInt: 1 ShieldDist: 0.722
arrive destination: True ,out of road:False   Total T: 32074 Episode Num: 132 Episode T: 264 Reward: 234.085 Cost: 6.000 ShieldInt: 0 ShieldDist: 0.000
arrive destination: False ,out of road:True   Total T: 32189 Episode Num: 133 Episode T: 115 Reward: 111.488 Cost: 1.000 ShieldInt: 2 ShieldDist: 0.431
arrive destination: False ,out of road:True   Total T: 32320 Episode Num: 134 Episode T: 131 Reward: 135.030 Cost: 1.000 ShieldInt: 1 ShieldDist: 0.182
arrive destination: False ,out of road:True   Total T: 32525 Episode Num: 135 Episode T: 205 Reward: 230.982 Cost: 1.000 ShieldInt: 4 ShieldDist: 0.928
arrive destination: True ,out of road:False   Total T: 33250 Episode Num: 136 Episode T: 725 Reward: 294.573 Cost: 17.000 ShieldInt: 123 ShieldDist: 163.791
arrive destination: False ,out of road:True   Total T: 33381 Episode Num: 137 Episode T: 131 Reward: 133.165 Cost: 1.000 ShieldInt: 0 ShieldDist: 0.000
arrive destination: True ,out of road:False   Total T: 33991 Episode Num: 138 Episode T: 610 Reward: 415.517 Cost: 30.000 ShieldInt: 15 ShieldDist: 5.185
arrive destination: True ,out of road:False   Total T: 34248 Episode Num: 139 Episode T: 257 Reward: 232.520 Cost: 11.000 ShieldInt: 9 ShieldDist: 2.041
arrive destination: False ,out of road:True   Total T: 34337 Episode Num: 140 Episode T: 89 Reward: 67.092 Cost: 1.000 ShieldInt: 0 ShieldDist: 0.000
arrive destination: False ,out of road:True   Total T: 34650 Episode Num: 141 Episode T: 313 Reward: 247.982 Cost: 5.000 ShieldInt: 18 ShieldDist: 13.375
arrive destination: False ,out of road:False   Total T: 35650 Episode Num: 142 Episode T: 1000 Reward: 279.834 Cost: 56.000 ShieldInt: 17 ShieldDist: 3.849
arrive destination: False ,out of road:False   Total T: 36650 Episode Num: 143 Episode T: 1000 Reward: 214.259 Cost: 5.000 ShieldInt: 12 ShieldDist: 3.321
arrive destination: True ,out of road:False   Total T: 36958 Episode Num: 144 Episode T: 308 Reward: 266.640 Cost: 2.000 ShieldInt: 22 ShieldDist: 30.375
arrive destination: False ,out of road:True   Total T: 37085 Episode Num: 145 Episode T: 127 Reward: 131.869 Cost: 1.000 ShieldInt: 0 ShieldDist: 0.000
arrive destination: False ,out of road:True   Total T: 37431 Episode Num: 146 Episode T: 346 Reward: 321.306 Cost: 11.000 ShieldInt: 22 ShieldDist: 15.975
arrive destination: False ,out of road:True   Total T: 37781 Episode Num: 147 Episode T: 350 Reward: 318.189 Cost: 7.000 ShieldInt: 4 ShieldDist: 0.908
arrive destination: True ,out of road:False   Total T: 38258 Episode Num: 148 Episode T: 477 Reward: 378.062 Cost: 27.000 ShieldInt: 20 ShieldDist: 18.899
arrive destination: False ,out of road:True   Total T: 38338 Episode Num: 149 Episode T: 80 Reward: 55.068 Cost: 1.000 ShieldInt: 0 ShieldDist: 0.000
arrive destination: False ,out of road:True   Total T: 38464 Episode Num: 150 Episode T: 126 Reward: 131.095 Cost: 1.000 ShieldInt: 0 ShieldDist: 0.000
arrive destination: True ,out of road:False   Total T: 38670 Episode Num: 151 Episode T: 206 Reward: 270.135 Cost: 5.000 ShieldInt: 4 ShieldDist: 1.013
arrive destination: True ,out of road:False   Total T: 39046 Episode Num: 152 Episode T: 376 Reward: 233.162 Cost: 19.000 ShieldInt: 9 ShieldDist: 2.239
arrive destination: True ,out of road:False   Total T: 39345 Episode Num: 153 Episode T: 299 Reward: 271.477 Cost: 3.000 ShieldInt: 18 ShieldDist: 19.724
arrive destination: True ,out of road:False   Total T: 39970 Episode Num: 154 Episode T: 625 Reward: 496.319 Cost: 51.000 ShieldInt: 55 ShieldDist: 80.911
---------------------------------------
Evaluation over 20 episodes: 0.500 Cost 10.250.             SafeRL used : use_qpsl
---------------------------------------
[34;1m
Time: 2026-07-02 07:23:52, Time spent from previous logger: 280.619 s[0m
[34;1mCustomLogger with fileds: ['total_steps', 'EpRet', 'EpCost', 'CostRate'][0m
[34;1mfieldvalues: [40000, 0.5, 10.25, 0.026875671891797296]
[0m
arrive destination: True ,out of road:False   Total T: 40318 Episode Num: 155 Episode T: 348 Reward: 275.892 Cost: 11.000 ShieldInt: 26 ShieldDist: 26.648
arrive destination: False ,out of road:True   Total T: 40560 Episode Num: 156 Episode T: 242 Reward: 196.434 Cost: 15.000 ShieldInt: 20 ShieldDist: 25.202
arrive destination: False ,out of road:True   Total T: 40688 Episode Num: 157 Episode T: 128 Reward: 132.707 Cost: 1.000 ShieldInt: 10 ShieldDist: 2.415
arrive destination: True ,out of road:False   Total T: 40884 Episode Num: 158 Episode T: 196 Reward: 269.969 Cost: 6.000 ShieldInt: 1 ShieldDist: 1.768
arrive destination: True ,out of road:False   Total T: 41158 Episode Num: 159 Episode T: 274 Reward: 295.688 Cost: 21.000 ShieldInt: 3 ShieldDist: 4.813
arrive destination: False ,out of road:True   Total T: 41260 Episode Num: 160 Episode T: 102 Reward: 77.475 Cost: 2.000 ShieldInt: 0 ShieldDist: 0.000
arrive destination: False ,out of road:False   Total T: 42260 Episode Num: 161 Episode T: 1000 Reward: 261.857 Cost: 12.000 ShieldInt: 7 ShieldDist: 1.395
arrive destination: False ,out of road:True   Total T: 42671 Episode Num: 162 Episode T: 411 Reward: 386.688 Cost: 19.000 ShieldInt: 37 ShieldDist: 42.517
arrive destination: False ,out of road:False   Total T: 43671 Episode Num: 163 Episode T: 1000 Reward: 211.836 Cost: 6.000 ShieldInt: 45 ShieldDist: 37.260
arrive destination: False ,out of road:True   Total T: 43945 Episode Num: 164 Episode T: 274 Reward: 273.479 Cost: 24.000 ShieldInt: 9 ShieldDist: 2.888
arrive destination: True ,out of road:False   Total T: 44214 Episode Num: 165 Episode T: 269 Reward: 233.689 Cost: 7.000 ShieldInt: 3 ShieldDist: 0.746
arrive destination: True ,out of road:False   Total T: 44423 Episode Num: 166 Episode T: 209 Reward: 269.301 Cost: 7.000 ShieldInt: 0 ShieldDist: 0.000
arrive destination: False ,out of road:True   Total T: 44656 Episode Num: 167 Episode T: 233 Reward: 228.459 Cost: 1.000 ShieldInt: 9 ShieldDist: 2.039
arrive destination: True ,out of road:False   Total T: 44898 Episode Num: 168 Episode T: 242 Reward: 289.594 Cost: 4.000 ShieldInt: 4 ShieldDist: 0.919
arrive destination: True ,out of road:False   Total T: 45148 Episode Num: 169 Episode T: 250 Reward: 234.362 Cost: 18.000 ShieldInt: 5 ShieldDist: 1.220
arrive destination: False ,out of road:True   Total T: 45361 Episode Num: 170 Episode T: 213 Reward: 236.269 Cost: 4.000 ShieldInt: 9 ShieldDist: 2.158
arrive destination: False ,out of road:True   Total T: 45490 Episode Num: 171 Episode T: 129 Reward: 133.761 Cost: 1.000 ShieldInt: 9 ShieldDist: 2.150
arrive destination: True ,out of road:False   Total T: 45736 Episode Num: 172 Episode T: 246 Reward: 283.380 Cost: 2.000 ShieldInt: 19 ShieldDist: 7.802
arrive destination: False ,out of road:True   Total T: 45872 Episode Num: 173 Episode T: 136 Reward: 125.276 Cost: 4.000 ShieldInt: 5 ShieldDist: 1.116
arrive destination: False ,out of road:True   Total T: 46144 Episode Num: 174 Episode T: 272 Reward: 265.097 Cost: 21.000 ShieldInt: 21 ShieldDist: 19.040
arrive destination: False ,out of road:True   Total T: 46320 Episode Num: 175 Episode T: 176 Reward: 158.342 Cost: 13.000 ShieldInt: 9 ShieldDist: 5.521
arrive destination: True ,out of road:False   Total T: 46753 Episode Num: 176 Episode T: 433 Reward: 378.101 Cost: 21.000 ShieldInt: 22 ShieldDist: 10.175
arrive destination: False ,out of road:True   Total T: 46873 Episode Num: 177 Episode T: 120 Reward: 110.553 Cost: 1.000 ShieldInt: 1 ShieldDist: 0.245
arrive destination: True ,out of road:False   Total T: 47124 Episode Num: 178 Episode T: 251 Reward: 233.305 Cost: 11.000 ShieldInt: 10 ShieldDist: 12.071
arrive destination: True ,out of road:False   Total T: 47697 Episode Num: 179 Episode T: 573 Reward: 409.485 Cost: 28.000 ShieldInt: 27 ShieldDist: 15.295
arrive destination: True ,out of road:False   Total T: 47926 Episode Num: 180 Episode T: 229 Reward: 277.961 Cost: 0.000 ShieldInt: 19 ShieldDist: 4.182
arrive destination: False ,out of road:True   Total T: 48109 Episode Num: 181 Episode T: 183 Reward: 180.916 Cost: 1.000 ShieldInt: 1 ShieldDist: 0.193
arrive destination: False ,out of road:True   Total T: 48222 Episode Num: 182 Episode T: 113 Reward: 90.270 Cost: 7.000 ShieldInt: 2 ShieldDist: 0.035
arrive destination: False ,out of road:True   Total T: 48513 Episode Num: 183 Episode T: 291 Reward: 235.882 Cost: 3.000 ShieldInt: 7 ShieldDist: 1.572
arrive destination: False ,out of road:True   Total T: 48760 Episode Num: 184 Episode T: 247 Reward: 184.283 Cost: 11.000 ShieldInt: 38 ShieldDist: 8.753
arrive destination: False ,out of road:True   Total T: 48972 Episode Num: 185 Episode T: 212 Reward: 222.791 Cost: 4.000 ShieldInt: 9 ShieldDist: 3.680
arrive destination: True ,out of road:False   Total T: 49431 Episode Num: 186 Episode T: 459 Reward: 336.336 Cost: 53.000 ShieldInt: 30 ShieldDist: 26.448
arrive destination: False ,out of road:True   Total T: 49605 Episode Num: 187 Episode T: 174 Reward: 172.514 Cost: 11.000 ShieldInt: 7 ShieldDist: 8.766
arrive destination: False ,out of road:True   Total T: 49764 Episode Num: 188 Episode T: 159 Reward: 113.877 Cost: 18.000 ShieldInt: 4 ShieldDist: 0.933
arrive destination: False ,out of road:True   Total T: 49937 Episode Num: 189 Episode T: 173 Reward: 122.944 Cost: 10.000 ShieldInt: 17 ShieldDist: 12.484
---------------------------------------
Evaluation over 20 episodes: 0.750 Cost 19.900.             SafeRL used : use_qpsl
---------------------------------------
[34;1m
Time: 2026-07-02 07:28:00, Time spent from previous logger: 248.434 s[0m
[34;1mCustomLogger with fileds: ['total_steps', 'EpRet', 'EpCost', 'CostRate'][0m
[34;1mfieldvalues: [50000, 0.75, 19.9, 0.029060581211624234]
[0m
arrive destination: True ,out of road:False   Total T: 50187 Episode Num: 190 Episode T: 250 Reward: 311.786 Cost: 5.000 ShieldInt: 1 ShieldDist: 0.250
arrive destination: False ,out of road:True   Total T: 50417 Episode Num: 191 Episode T: 230 Reward: 230.207 Cost: 1.000 ShieldInt: 5 ShieldDist: 1.235
arrive destination: False ,out of road:True   Total T: 50513 Episode Num: 192 Episode T: 96 Reward: 52.684 Cost: 7.000 ShieldInt: 9 ShieldDist: 2.156
arrive destination: True ,out of road:False   Total T: 51034 Episode Num: 193 Episode T: 521 Reward: 409.451 Cost: 38.000 ShieldInt: 26 ShieldDist: 14.490
arrive destination: True ,out of road:False   Total T: 51543 Episode Num: 194 Episode T: 509 Reward: 379.315 Cost: 39.000 ShieldInt: 32 ShieldDist: 23.009
arrive destination: True ,out of road:False   Total T: 51868 Episode Num: 195 Episode T: 325 Reward: 294.723 Cost: 17.000 ShieldInt: 6 ShieldDist: 1.484
arrive destination: False ,out of road:False   Total T: 52868 Episode Num: 196 Episode T: 1000 Reward: 278.992 Cost: 18.000 ShieldInt: 277 ShieldDist: 443.338
arrive destination: False ,out of road:True   Total T: 53028 Episode Num: 197 Episode T: 160 Reward: 162.357 Cost: 5.000 ShieldInt: 11 ShieldDist: 4.337
arrive destination: False ,out of road:True   Total T: 53151 Episode Num: 198 Episode T: 123 Reward: 51.912 Cost: 13.000 ShieldInt: 1 ShieldDist: 0.246
arrive destination: True ,out of road:False   Total T: 53480 Episode Num: 199 Episode T: 329 Reward: 273.942 Cost: 24.000 ShieldInt: 18 ShieldDist: 7.199
arrive destination: True ,out of road:False   Total T: 53826 Episode Num: 200 Episode T: 346 Reward: 294.615 Cost: 13.000 ShieldInt: 8 ShieldDist: 11.124
arrive destination: True ,out of road:False   Total T: 54285 Episode Num: 201 Episode T: 459 Reward: 400.383 Cost: 17.000 ShieldInt: 25 ShieldDist: 13.123
arrive destination: False ,out of road:True   Total T: 54384 Episode Num: 202 Episode T: 99 Reward: 80.919 Cost: 2.000 ShieldInt: 0 ShieldDist: 0.000
arrive destination: False ,out of road:True   Total T: 54577 Episode Num: 203 Episode T: 193 Reward: 119.541 Cost: 24.000 ShieldInt: 25 ShieldDist: 5.581
arrive destination: False ,out of road:True   Total T: 54833 Episode Num: 204 Episode T: 256 Reward: 169.850 Cost: 13.000 ShieldInt: 21 ShieldDist: 7.140
arrive destination: False ,out of road:True   Total T: 54976 Episode Num: 205 Episode T: 143 Reward: 132.096 Cost: 1.000 ShieldInt: 14 ShieldDist: 3.172
arrive destination: False ,out of road:False   Total T: 55976 Episode Num: 206 Episode T: 1000 Reward: 92.192 Cost: 2.000 ShieldInt: 1 ShieldDist: 0.174
arrive destination: True ,out of road:False   Total T: 56418 Episode Num: 207 Episode T: 442 Reward: 382.644 Cost: 24.000 ShieldInt: 8 ShieldDist: 1.770
arrive destination: False ,out of road:True   Total T: 56732 Episode Num: 208 Episode T: 314 Reward: 236.797 Cost: 3.000 ShieldInt: 6 ShieldDist: 1.212
arrive destination: False ,out of road:True   Total T: 56860 Episode Num: 209 Episode T: 128 Reward: 132.067 Cost: 1.000 ShieldInt: 10 ShieldDist: 2.103
arrive destination: False ,out of road:True   Total T: 57169 Episode Num: 210 Episode T: 309 Reward: 230.957 Cost: 8.000 ShieldInt: 67 ShieldDist: 15.290
arrive destination: True ,out of road:False   Total T: 57683 Episode Num: 211 Episode T: 514 Reward: 398.698 Cost: 18.000 ShieldInt: 38 ShieldDist: 22.578
arrive destination: False ,out of road:False   Total T: 58683 Episode Num: 212 Episode T: 1000 Reward: 278.175 Cost: 32.000 ShieldInt: 34 ShieldDist: 14.236
arrive destination: True ,out of road:False   Total T: 59387 Episode Num: 213 Episode T: 704 Reward: 497.158 Cost: 41.000 ShieldInt: 56 ShieldDist: 26.718
arrive destination: False ,out of road:True   Total T: 59708 Episode Num: 214 Episode T: 321 Reward: 227.535 Cost: 12.000 ShieldInt: 34 ShieldDist: 18.217
---------------------------------------
Evaluation over 20 episodes: 0.850 Cost 19.500.             SafeRL used : use_qpsl
---------------------------------------
[34;1m
Time: 2026-07-02 07:33:02, Time spent from previous logger: 302.319 s[0m
[34;1mCustomLogger with fileds: ['total_steps', 'EpRet', 'EpCost', 'CostRate'][0m
[34;1mfieldvalues: [60000, 0.85, 19.5, 0.030933848897481624]
[0m
arrive destination: True ,out of road:False   Total T: 60189 Episode Num: 215 Episode T: 481 Reward: 481.734 Cost: 30.000 ShieldInt: 1 ShieldDist: 0.208
arrive destination: False ,out of road:True   Total T: 60325 Episode Num: 216 Episode T: 136 Reward: 132.205 Cost: 1.000 ShieldInt: 4 ShieldDist: 0.877
arrive destination: True ,out of road:False   Total T: 60789 Episode Num: 217 Episode T: 464 Reward: 379.822 Cost: 35.000 ShieldInt: 41 ShieldDist: 55.666
arrive destination: True ,out of road:False   Total T: 61098 Episode Num: 218 Episode T: 309 Reward: 295.466 Cost: 5.000 ShieldInt: 16 ShieldDist: 22.321
arrive destination: True ,out of road:False   Total T: 61544 Episode Num: 219 Episode T: 446 Reward: 295.551 Cost: 5.000 ShieldInt: 5 ShieldDist: 1.129
arrive destination: True ,out of road:False   Total T: 61745 Episode Num: 220 Episode T: 201 Reward: 269.626 Cost: 6.000 ShieldInt: 6 ShieldDist: 1.371
arrive destination: True ,out of road:False   Total T: 62166 Episode Num: 221 Episode T: 421 Reward: 380.374 Cost: 25.000 ShieldInt: 21 ShieldDist: 27.441
arrive destination: True ,out of road:False   Total T: 62568 Episode Num: 222 Episode T: 402 Reward: 400.729 Cost: 35.000 ShieldInt: 19 ShieldDist: 8.393
arrive destination: True ,out of road:False   Total T: 62961 Episode Num: 223 Episode T: 393 Reward: 401.171 Cost: 3.000 ShieldInt: 23 ShieldDist: 5.973
arrive destination: False ,out of road:True   Total T: 63184 Episode Num: 224 Episode T: 223 Reward: 235.694 Cost: 6.000 ShieldInt: 7 ShieldDist: 3.493
arrive destination: True ,out of road:False   Total T: 63445 Episode Num: 225 Episode T: 261 Reward: 234.333 Cost: 34.000 ShieldInt: 5 ShieldDist: 2.961
arrive destination: True ,out of road:False   Total T: 64165 Episode Num: 226 Episode T: 720 Reward: 468.061 Cost: 37.000 ShieldInt: 196 ShieldDist: 354.629
arrive destination: False ,out of road:True   Total T: 64309 Episode Num: 227 Episode T: 144 Reward: 133.918 Cost: 1.000 ShieldInt: 14 ShieldDist: 3.279
arrive destination: True ,out of road:False   Total T: 64678 Episode Num: 228 Episode T: 369 Reward: 336.140 Cost: 18.000 ShieldInt: 19 ShieldDist: 7.534
arrive destination: True ,out of road:False   Total T: 64881 Episode Num: 229 Episode T: 203 Reward: 269.452 Cost: 5.000 ShieldInt: 4 ShieldDist: 2.299
arrive destination: True ,out of road:True   Total T: 65315 Episode Num: 230 Episode T: 434 Reward: 412.081 Cost: 26.000 ShieldInt: 19 ShieldDist: 14.600
arrive destination: True ,out of road:False   Total T: 65882 Episode Num: 231 Episode T: 567 Reward: 467.227 Cost: 30.000 ShieldInt: 58 ShieldDist: 23.816
arrive destination: True ,out of road:False   Total T: 66204 Episode Num: 232 Episode T: 322 Reward: 294.552 Cost: 8.000 ShieldInt: 5 ShieldDist: 1.454
arrive destination: False ,out of road:True   Total T: 66774 Episode Num: 233 Episode T: 570 Reward: 170.411 Cost: 30.000 ShieldInt: 206 ShieldDist: 275.384
arrive destination: False ,out of road:True   Total T: 66988 Episode Num: 234 Episode T: 214 Reward: 233.902 Cost: 4.000 ShieldInt: 12 ShieldDist: 2.683
arrive destination: True ,out of road:False   Total T: 67195 Episode Num: 235 Episode T: 207 Reward: 269.846 Cost: 3.000 ShieldInt: 1 ShieldDist: 0.250
arrive destination: False ,out of road:True   Total T: 67358 Episode Num: 236 Episode T: 163 Reward: 143.716 Cost: 2.000 ShieldInt: 6 ShieldDist: 1.340
arrive destination: True ,out of road:False   Total T: 67647 Episode Num: 237 Episode T: 289 Reward: 294.426 Cost: 7.000 ShieldInt: 9 ShieldDist: 4.534
arrive destination: True ,out of road:False   Total T: 67988 Episode Num: 238 Episode T: 341 Reward: 234.363 Cost: 18.000 ShieldInt: 16 ShieldDist: 3.566
arrive destination: True ,out of road:False   Total T: 68238 Episode Num: 239 Episode T: 250 Reward: 278.437 Cost: 2.000 ShieldInt: 12 ShieldDist: 2.790
arrive destination: False ,out of road:False   Total T: 69238 Episode Num: 240 Episode T: 1000 Reward: 221.616 Cost: 26.000 ShieldInt: 9 ShieldDist: 2.058
arrive destination: True ,out of road:False   Total T: 69684 Episode Num: 241 Episode T: 446 Reward: 378.639 Cost: 14.000 ShieldInt: 24 ShieldDist: 16.036
---------------------------------------
Evaluation over 20 episodes: 0.200 Cost 20.500.             SafeRL used : use_qpsl
---------------------------------------
[34;1m
Time: 2026-07-02 07:38:48, Time spent from previous logger: 345.206 s[0m
[34;1mCustomLogger with fileds: ['total_steps', 'EpRet', 'EpCost', 'CostRate'][0m
[34;1mfieldvalues: [70000, 0.2, 20.5, 0.03212903041472021]
[0m
arrive destination: True ,out of road:False   Total T: 70316 Episode Num: 242 Episode T: 632 Reward: 586.004 Cost: 8.000 ShieldInt: 7 ShieldDist: 10.439
arrive destination: False ,out of road:True   Total T: 70660 Episode Num: 243 Episode T: 344 Reward: 275.546 Cost: 9.000 ShieldInt: 18 ShieldDist: 10.693
arrive destination: False ,out of road:False   Total T: 71660 Episode Num: 244 Episode T: 1000 Reward: 282.774 Cost: 7.000 ShieldInt: 18 ShieldDist: 15.502
arrive destination: True ,out of road:False   Total T: 71978 Episode Num: 245 Episode T: 318 Reward: 290.934 Cost: 10.000 ShieldInt: 22 ShieldDist: 7.530
arrive destination: False ,out of road:True   Total T: 72075 Episode Num: 246 Episode T: 97 Reward: 46.770 Cost: 5.000 ShieldInt: 4 ShieldDist: 0.913
arrive destination: True ,out of road:False   Total T: 72492 Episode Num: 247 Episode T: 417 Reward: 401.611 Cost: 0.000 ShieldInt: 24 ShieldDist: 5.358
arrive destination: False ,out of road:True   Total T: 72770 Episode Num: 248 Episode T: 278 Reward: 248.615 Cost: 5.000 ShieldInt: 16 ShieldDist: 3.609
arrive destination: False ,out of road:True   Total T: 73175 Episode Num: 249 Episode T: 405 Reward: 369.355 Cost: 3.000 ShieldInt: 31 ShieldDist: 6.882
arrive destination: False ,out of road:False   Total T: 74175 Episode Num: 250 Episode T: 1000 Reward: 389.497 Cost: 27.000 ShieldInt: 89 ShieldDist: 103.871
arrive destination: True ,out of road:False   Total T: 74629 Episode Num: 251 Episode T: 454 Reward: 400.459 Cost: 13.000 ShieldInt: 38 ShieldDist: 48.450
arrive destination: True ,out of road:False   Total T: 74954 Episode Num: 252 Episode T: 325 Reward: 294.404 Cost: 5.000 ShieldInt: 8 ShieldDist: 1.889
arrive destination: True ,out of road:False   Total T: 75208 Episode Num: 253 Episode T: 254 Reward: 272.278 Cost: 0.000 ShieldInt: 11 ShieldDist: 2.659
arrive destination: True ,out of road:False   Total T: 75968 Episode Num: 254 Episode T: 760 Reward: 419.090 Cost: 95.000 ShieldInt: 46 ShieldDist: 38.352
arrive destination: True ,out of road:False   Total T: 76569 Episode Num: 255 Episode T: 601 Reward: 419.218 Cost: 36.000 ShieldInt: 38 ShieldDist: 19.994
arrive destination: True ,out of road:False   Total T: 76823 Episode Num: 256 Episode T: 254 Reward: 279.287 Cost: 1.000 ShieldInt: 13 ShieldDist: 2.778
arrive destination: False ,out of road:True   Total T: 77159 Episode Num: 257 Episode T: 336 Reward: 257.084 Cost: 14.000 ShieldInt: 23 ShieldDist: 21.784
arrive destination: False ,out of road:True   Total T: 77685 Episode Num: 258 Episode T: 526 Reward: 381.243 Cost: 58.000 ShieldInt: 143 ShieldDist: 246.342
